******************************************************************************
                  TI ARM Linker PC v5.1.1                      
******************************************************************************
>> Linked Wed Sep 10 17:56:11 2014

OUTPUT FILE NAME:   <usb_cdc_driver.out>
ENTRY POINT SYMBOL: "_c_int00"  address: 000006cd


MEMORY CONFIGURATION

         name            origin    length      used     unused   attr    fill
----------------------  --------  ---------  --------  --------  ----  --------
  FLASH                 00000000   00040000  000008ee  0003f712  R  X
  SRAM                  20000000   00008000  00000114  00007eec  RW X


SEGMENT ALLOCATION MAP

run origin  load origin   length   init length attrs members
----------  ----------- ---------- ----------- ----- -------
00000000    00000000    000008f0   000008f0    r-x
  00000000    00000000    0000026c   0000026c    r-- .intvecs
  0000026c    0000026c    000005f6   000005f6    r-x .text
  00000864    00000864    0000006c   0000006c    r-- .const
  000008d0    000008d0    00000020   00000020    r-- .cinit
20000000    20000000    00000114   00000000    rw-
  20000000    20000000    00000100   00000000    rw- .stack
  20000100    20000100    00000014   00000000    rw- .data


SECTION ALLOCATION MAP

 output                                  attributes/
section   page    origin      length       input sections
--------  ----  ----------  ----------   ----------------
.intvecs   0    00000000    0000026c     
                  00000000    0000026c     startup_ccs.obj (.intvecs)

.init_array 
*          0    00000000    00000000     UNINITIALIZED

.text      0    0000026c    000005f6     
                  0000026c    00000104     driverlib.lib : sysctl.obj (.text:SysCtlClockSet)
                  00000370    000000c0                   : sysctl.obj (.text:SysCtlClockGet)
                  00000430    000000b8                   : gpio.obj (.text:GPIOPadConfigSet)
                  000004e8    0000009c     rtsv7M4_T_le_v4SPD16_eabi.lib : memcpy_t2.obj (.text)
                  00000584    00000094                                   : auto_init.obj (.text)
                  00000618    0000005e                                   : copy_decompress_rle.obj (.text)
                  00000676    00000002     startup_ccs.obj (.text:FaultISR)
                  00000678    00000054     main.obj (.text:main)
                  000006cc    00000048     rtsv7M4_T_le_v4SPD16_eabi.lib : boot.obj (.text)
                  00000714    00000044                                   : cpy_tbl.obj (.text)
                  00000758    00000044                                   : exit.obj (.text)
                  0000079c    00000034     driverlib.lib : sysctl.obj (.text:SysCtlPeripheralEnable)
                  000007d0    0000002a                   : gpio.obj (.text:GPIODirModeSet)
                  000007fa    00000002     startup_ccs.obj (.text:IntDefaultHandler)
                  000007fc    00000018     rtsv7M4_T_le_v4SPD16_eabi.lib : args_main.obj (.text)
                  00000814    00000014                                   : _lock.obj (.text)
                  00000828    00000012     driverlib.lib : gpio.obj (.text:GPIOPinTypeGPIOOutput)
                  0000083a    0000000e     rtsv7M4_T_le_v4SPD16_eabi.lib : copy_decompress_none.obj (.text:decompress:none)
                  00000848    00000006     driverlib.lib : gpio.obj (.text:GPIOPinWrite)
                  0000084e    00000006     startup_ccs.obj (.text:ResetISR)
                  00000854    00000006     driverlib.lib : sysctl.obj (.text:SysCtlDelay)
                  0000085a    00000006     rtsv7M4_T_le_v4SPD16_eabi.lib : copy_decompress_rle.obj (.text:decompress:rle24)
                  00000860    00000002     startup_ccs.obj (.text:NmiSR)

.const     0    00000864    0000006c     
                  00000864    0000006c     driverlib.lib : sysctl.obj (.const:g_pui32Xtals)

.cinit     0    000008d0    00000020     
                  000008d0    0000000f     (.cinit..data.load) [load image, compression = rle]
                  000008df    00000001     --HOLE-- [fill = 0]
                  000008e0    00000008     (__TI_handler_table)
                  000008e8    00000008     (__TI_cinit_table)

.stack     0    20000000    00000100     UNINITIALIZED
                  20000000    00000100     --HOLE--

.data      0    20000100    00000014     UNINITIALIZED
                  20000100    00000008     rtsv7M4_T_le_v4SPD16_eabi.lib : _lock.obj (.data)
                  20000108    00000008                                   : exit.obj (.data)
                  20000110    00000004                                   : stkdepth_vars.obj (.data)


LINKER GENERATED COPY TABLES

__TI_cinit_table @ 000008e8 records: 1, size/record: 8, table size: 8
	.data: load addr=000008d0, load size=0000000f bytes, run addr=20000100, run size=00000014 bytes, compression=rle


LINKER GENERATED HANDLER TABLE

__TI_handler_table @ 000008e0 records: 2, size/record: 4, table size: 8
	index: 0, handler: __TI_decompress_rle24
	index: 1, handler: __TI_decompress_none


GLOBAL SYMBOLS: SORTED ALPHABETICALLY BY Name 

address    name
--------   ----
00000759   C$$EXIT
000007d1   GPIODirModeSet
00000431   GPIOPadConfigSet
00000829   GPIOPinTypeGPIOOutput
00000849   GPIOPinWrite
0000084f   ResetISR
UNDEFED    SHT$$INIT_ARRAY$$Base
UNDEFED    SHT$$INIT_ARRAY$$Limit
00000371   SysCtlClockGet
0000026d   SysCtlClockSet
00000855   SysCtlDelay
0000079d   SysCtlPeripheralEnable
20000100   __STACK_END
00000100   __STACK_SIZE
20000400   __STACK_TOP
000008e8   __TI_CINIT_Base
000008f0   __TI_CINIT_Limit
000008e0   __TI_Handler_Table_Base
000008e8   __TI_Handler_Table_Limit
00000001   __TI_args_main
00000585   __TI_auto_init
20000108   __TI_cleanup_ptr
0000083b   __TI_decompress_none
0000085b   __TI_decompress_rle24
2000010c   __TI_dtors_ptr
00000000   __TI_static_base__
000004e9   __aeabi_memcpy
000004e9   __aeabi_memcpy4
000004e9   __aeabi_memcpy8
ffffffff   __binit__
ffffffff   __c_args__
20000000   __stack
000007fd   _args_main
000006cd   _c_int00
20000100   _lock
00000823   _nop
0000081b   _register_lock
00000815   _register_unlock
20000104   _unlock
0000075d   abort
ffffffff   binit
00000715   copy_in
00000765   exit
00000000   g_pfnVectors
00000679   main
20000110   main_func_sp
000004e9   memcpy


GLOBAL SYMBOLS: SORTED BY Symbol Address 

address    name
--------   ----
00000000   __TI_static_base__
00000000   g_pfnVectors
00000001   __TI_args_main
00000100   __STACK_SIZE
0000026d   SysCtlClockSet
00000371   SysCtlClockGet
00000431   GPIOPadConfigSet
000004e9   __aeabi_memcpy
000004e9   __aeabi_memcpy4
000004e9   __aeabi_memcpy8
000004e9   memcpy
00000585   __TI_auto_init
00000679   main
000006cd   _c_int00
00000715   copy_in
00000759   C$$EXIT
0000075d   abort
00000765   exit
0000079d   SysCtlPeripheralEnable
000007d1   GPIODirModeSet
000007fd   _args_main
00000815   _register_unlock
0000081b   _register_lock
00000823   _nop
00000829   GPIOPinTypeGPIOOutput
0000083b   __TI_decompress_none
00000849   GPIOPinWrite
0000084f   ResetISR
00000855   SysCtlDelay
0000085b   __TI_decompress_rle24
000008e0   __TI_Handler_Table_Base
000008e8   __TI_CINIT_Base
000008e8   __TI_Handler_Table_Limit
000008f0   __TI_CINIT_Limit
20000000   __stack
20000100   __STACK_END
20000100   _lock
20000104   _unlock
20000108   __TI_cleanup_ptr
2000010c   __TI_dtors_ptr
20000110   main_func_sp
20000400   __STACK_TOP
ffffffff   __binit__
ffffffff   __c_args__
ffffffff   binit
UNDEFED    SHT$$INIT_ARRAY$$Base
UNDEFED    SHT$$INIT_ARRAY$$Limit

[47 symbols]
