<?xml version="1.0"?>
<link_info>
   <banner>TI ARM Linker PC v5.1.1</banner>
   <copyright>Copyright (c) 1996-2013 Texas Instruments Incorporated</copyright>
   <link_time>0x5427968d</link_time>
   <link_errors>0x0</link_errors>
   <output_file>usb_cdc_driver.out</output_file>
   <entry_point>
      <name>_c_int00</name>
      <address>0x2059</address>
   </entry_point>
   <input_file_list>
      <input_file id="fl-2">
         <path>.\utils\</path>
         <kind>object</kind>
         <file>ustdlib.obj</file>
         <name>ustdlib.obj</name>
      </input_file>
      <input_file id="fl-3">
         <path>.\utils\</path>
         <kind>object</kind>
         <file>uartstdio.obj</file>
         <name>uartstdio.obj</name>
      </input_file>
      <input_file id="fl-4">
         <path>.\</path>
         <kind>object</kind>
         <file>usbconfig.obj</file>
         <name>usbconfig.obj</name>
      </input_file>
      <input_file id="fl-5">
         <path>.\</path>
         <kind>object</kind>
         <file>usb_structs.obj</file>
         <name>usb_structs.obj</name>
      </input_file>
      <input_file id="fl-6">
         <path>.\</path>
         <kind>object</kind>
         <file>startup_ccs.obj</file>
         <name>startup_ccs.obj</name>
      </input_file>
      <input_file id="fl-7">
         <path>.\</path>
         <kind>object</kind>
         <file>main.obj</file>
         <name>main.obj</name>
      </input_file>
      <input_file id="fl-136">
         <path>C:\ti\ccsv5\tools\compiler\arm_5.1.1\lib\</path>
         <kind>archive</kind>
         <file>rtsv7M4_T_le_v4SPD16_eabi.lib</file>
         <name>boot.obj</name>
      </input_file>
      <input_file id="fl-137">
         <path>C:\ti\ccsv5\tools\compiler\arm_5.1.1\lib\</path>
         <kind>archive</kind>
         <file>rtsv7M4_T_le_v4SPD16_eabi.lib</file>
         <name>copy_decompress_none.obj</name>
      </input_file>
      <input_file id="fl-138">
         <path>C:\ti\ccsv5\tools\compiler\arm_5.1.1\lib\</path>
         <kind>archive</kind>
         <file>rtsv7M4_T_le_v4SPD16_eabi.lib</file>
         <name>copy_decompress_rle.obj</name>
      </input_file>
      <input_file id="fl-139">
         <path>C:\ti\ccsv5\tools\compiler\arm_5.1.1\lib\</path>
         <kind>archive</kind>
         <file>rtsv7M4_T_le_v4SPD16_eabi.lib</file>
         <name>copy_zero_init.obj</name>
      </input_file>
      <input_file id="fl-13a">
         <path>C:\ti\ccsv5\tools\compiler\arm_5.1.1\lib\</path>
         <kind>archive</kind>
         <file>rtsv7M4_T_le_v4SPD16_eabi.lib</file>
         <name>exit.obj</name>
      </input_file>
      <input_file id="fl-13b">
         <path>C:\ti\ccsv5\tools\compiler\arm_5.1.1\lib\</path>
         <kind>archive</kind>
         <file>rtsv7M4_T_le_v4SPD16_eabi.lib</file>
         <name>memcpy_t2.obj</name>
      </input_file>
      <input_file id="fl-13c">
         <path>C:\ti\ccsv5\tools\compiler\arm_5.1.1\lib\</path>
         <kind>archive</kind>
         <file>rtsv7M4_T_le_v4SPD16_eabi.lib</file>
         <name>stkdepth_vars.obj</name>
      </input_file>
      <input_file id="fl-13d">
         <path>C:\ti\ccsv5\tools\compiler\arm_5.1.1\lib\</path>
         <kind>archive</kind>
         <file>rtsv7M4_T_le_v4SPD16_eabi.lib</file>
         <name>u_divt2.obj</name>
      </input_file>
      <input_file id="fl-13e">
         <path>C:\ti\ccsv5\tools\compiler\arm_5.1.1\lib\</path>
         <kind>archive</kind>
         <file>rtsv7M4_T_le_v4SPD16_eabi.lib</file>
         <name>_lock.obj</name>
      </input_file>
      <input_file id="fl-13f">
         <path>C:\ti\ccsv5\tools\compiler\arm_5.1.1\lib\</path>
         <kind>archive</kind>
         <file>rtsv7M4_T_le_v4SPD16_eabi.lib</file>
         <name>args_main.obj</name>
      </input_file>
      <input_file id="fl-140">
         <path>C:\ti\ccsv5\tools\compiler\arm_5.1.1\lib\</path>
         <kind>archive</kind>
         <file>rtsv7M4_T_le_v4SPD16_eabi.lib</file>
         <name>auto_init.obj</name>
      </input_file>
      <input_file id="fl-141">
         <path>C:\ti\ccsv5\tools\compiler\arm_5.1.1\lib\</path>
         <kind>archive</kind>
         <file>rtsv7M4_T_le_v4SPD16_eabi.lib</file>
         <name>cpy_tbl.obj</name>
      </input_file>
      <input_file id="fl-142">
         <path>C:\ti\TivaWare_C_Series-1.1\examples\boards\ek-tm4c123gxl\project0\ccs\..\..\..\..\..\usblib\ccs\Debug\</path>
         <kind>archive</kind>
         <file>usblib.lib</file>
         <name>usbdhandler.obj</name>
      </input_file>
      <input_file id="fl-143">
         <path>C:\ti\TivaWare_C_Series-1.1\examples\boards\ek-tm4c123gxl\project0\ccs\..\..\..\..\..\usblib\ccs\Debug\</path>
         <kind>archive</kind>
         <file>usblib.lib</file>
         <name>usbdenum.obj</name>
      </input_file>
      <input_file id="fl-144">
         <path>C:\ti\TivaWare_C_Series-1.1\examples\boards\ek-tm4c123gxl\project0\ccs\..\..\..\..\..\usblib\ccs\Debug\</path>
         <kind>archive</kind>
         <file>usblib.lib</file>
         <name>usbdconfig.obj</name>
      </input_file>
      <input_file id="fl-145">
         <path>C:\ti\TivaWare_C_Series-1.1\examples\boards\ek-tm4c123gxl\project0\ccs\..\..\..\..\..\usblib\ccs\Debug\</path>
         <kind>archive</kind>
         <file>usblib.lib</file>
         <name>usbdcdesc.obj</name>
      </input_file>
      <input_file id="fl-146">
         <path>C:\ti\TivaWare_C_Series-1.1\examples\boards\ek-tm4c123gxl\project0\ccs\..\..\..\..\..\usblib\ccs\Debug\</path>
         <kind>archive</kind>
         <file>usblib.lib</file>
         <name>usbdcdc.obj</name>
      </input_file>
      <input_file id="fl-147">
         <path>C:\ti\TivaWare_C_Series-1.1\examples\boards\ek-tm4c123gxl\project0\ccs\..\..\..\..\..\usblib\ccs\Debug\</path>
         <kind>archive</kind>
         <file>usblib.lib</file>
         <name>usbtick.obj</name>
      </input_file>
      <input_file id="fl-148">
         <path>C:\ti\TivaWare_C_Series-1.1\examples\boards\ek-tm4c123gxl\project0\ccs\..\..\..\..\..\usblib\ccs\Debug\</path>
         <kind>archive</kind>
         <file>usblib.lib</file>
         <name>usbmode.obj</name>
      </input_file>
      <input_file id="fl-149">
         <path>C:\ti\TivaWare_C_Series-1.1\examples\boards\ek-tm4c123gxl\project0\ccs\..\..\..\..\..\usblib\ccs\Debug\</path>
         <kind>archive</kind>
         <file>usblib.lib</file>
         <name>usbdma.obj</name>
      </input_file>
      <input_file id="fl-14a">
         <path>C:\ti\TivaWare_C_Series-1.1\examples\boards\ek-tm4c123gxl\project0\ccs\..\..\..\..\..\usblib\ccs\Debug\</path>
         <kind>archive</kind>
         <file>usblib.lib</file>
         <name>usbdesc.obj</name>
      </input_file>
      <input_file id="fl-14b">
         <path>C:\ti\TivaWare_C_Series-1.1\examples\boards\ek-tm4c123gxl\project0\ccs\..\..\..\..\..\usblib\ccs\Debug\</path>
         <kind>archive</kind>
         <file>usblib.lib</file>
         <name>usbbuffer.obj</name>
      </input_file>
      <input_file id="fl-14c">
         <path>C:\ti\TivaWare_C_Series-1.1\examples\boards\ek-tm4c123gxl\project0\ccs\..\..\..\..\..\usblib\ccs\Debug\</path>
         <kind>archive</kind>
         <file>usblib.lib</file>
         <name>usbhostenum.obj</name>
      </input_file>
      <input_file id="fl-14d">
         <path>C:\ti\TivaWare_C_Series-1.1\examples\boards\ek-tm4c123gxl\project0\ccs\..\..\..\..\..\usblib\ccs\Debug\</path>
         <kind>archive</kind>
         <file>usblib.lib</file>
         <name>usbhhub.obj</name>
      </input_file>
      <input_file id="fl-14e">
         <path>C:\ti\TivaWare_C_Series-1.1\examples\boards\ek-tm4c123gxl\project0\ccs\..\..\..\..\..\usblib\ccs\Debug\</path>
         <kind>archive</kind>
         <file>usblib.lib</file>
         <name>usbringbuf.obj</name>
      </input_file>
      <input_file id="fl-14f">
         <path>C:\ti\TivaWare_C_Series-1.1\examples\boards\ek-tm4c123gxl\project0\ccs\..\..\..\..\..\driverlib\ccs\Debug\</path>
         <kind>archive</kind>
         <file>driverlib.lib</file>
         <name>usb.obj</name>
      </input_file>
      <input_file id="fl-150">
         <path>C:\ti\TivaWare_C_Series-1.1\examples\boards\ek-tm4c123gxl\project0\ccs\..\..\..\..\..\driverlib\ccs\Debug\</path>
         <kind>archive</kind>
         <file>driverlib.lib</file>
         <name>udma.obj</name>
      </input_file>
      <input_file id="fl-151">
         <path>C:\ti\TivaWare_C_Series-1.1\examples\boards\ek-tm4c123gxl\project0\ccs\..\..\..\..\..\driverlib\ccs\Debug\</path>
         <kind>archive</kind>
         <file>driverlib.lib</file>
         <name>uart.obj</name>
      </input_file>
      <input_file id="fl-152">
         <path>C:\ti\TivaWare_C_Series-1.1\examples\boards\ek-tm4c123gxl\project0\ccs\..\..\..\..\..\driverlib\ccs\Debug\</path>
         <kind>archive</kind>
         <file>driverlib.lib</file>
         <name>sysctl.obj</name>
      </input_file>
      <input_file id="fl-153">
         <path>C:\ti\TivaWare_C_Series-1.1\examples\boards\ek-tm4c123gxl\project0\ccs\..\..\..\..\..\driverlib\ccs\Debug\</path>
         <kind>archive</kind>
         <file>driverlib.lib</file>
         <name>interrupt.obj</name>
      </input_file>
      <input_file id="fl-154">
         <path>C:\ti\TivaWare_C_Series-1.1\examples\boards\ek-tm4c123gxl\project0\ccs\..\..\..\..\..\driverlib\ccs\Debug\</path>
         <kind>archive</kind>
         <file>driverlib.lib</file>
         <name>cpu.obj</name>
      </input_file>
   </input_file_list>
   <object_component_list>
      <object_component id="oc-e">
         <name>.intvecs</name>
         <load_address>0x0</load_address>
         <run_address>0x0</run_address>
         <size>0x26c</size>
         <input_file_ref idref="fl-6"/>
      </object_component>
      <object_component id="oc-130">
         <name>.text:USBDEP0StateTxConfig</name>
         <load_address>0x26c</load_address>
         <run_address>0x26c</run_address>
         <size>0x160</size>
         <input_file_ref idref="fl-143"/>
      </object_component>
      <object_component id="oc-373">
         <name>.text:USBDeviceConfig</name>
         <load_address>0x3cc</load_address>
         <run_address>0x3cc</run_address>
         <size>0x140</size>
         <input_file_ref idref="fl-144"/>
      </object_component>
      <object_component id="oc-c7">
         <name>.text:USBDeviceEnumHandler</name>
         <load_address>0x50c</load_address>
         <run_address>0x50c</run_address>
         <size>0xe0</size>
         <input_file_ref idref="fl-143"/>
      </object_component>
      <object_component id="oc-252">
         <name>.text:USBDGetDescriptor</name>
         <load_address>0x5ec</load_address>
         <run_address>0x5ec</run_address>
         <size>0xdc</size>
         <input_file_ref idref="fl-143"/>
      </object_component>
      <object_component id="oc-1dc">
         <name>.text:USBDCDInit</name>
         <load_address>0x6c8</load_address>
         <run_address>0x6c8</run_address>
         <size>0xd8</size>
         <input_file_ref idref="fl-143"/>
      </object_component>
      <object_component id="oc-78">
         <name>.text:USBDeviceIntHandlerInternal</name>
         <load_address>0x7a0</load_address>
         <run_address>0x7a0</run_address>
         <size>0xd8</size>
         <input_file_ref idref="fl-143"/>
      </object_component>
      <object_component id="oc-3b2">
         <name>.text:HandleRequests</name>
         <load_address>0x878</load_address>
         <run_address>0x878</run_address>
         <size>0xd0</size>
         <input_file_ref idref="fl-146"/>
      </object_component>
      <object_component id="oc-2d5">
         <name>.text:USBLibDMAInit</name>
         <load_address>0x948</load_address>
         <run_address>0x948</run_address>
         <size>0xc8</size>
         <input_file_ref idref="fl-149"/>
      </object_component>
      <object_component id="oc-3fe">
         <name>.text:uDMAUSBChannelAllocate</name>
         <load_address>0xa10</load_address>
         <run_address>0xa10</run_address>
         <size>0xc0</size>
         <input_file_ref idref="fl-149"/>
      </object_component>
      <object_component id="oc-435">
         <name>.text:uDMAUSBTransfer</name>
         <load_address>0xad0</load_address>
         <run_address>0xad0</run_address>
         <size>0xba</size>
         <input_file_ref idref="fl-149"/>
      </object_component>
      <object_component id="oc-2e">
         <name>.text:FaultISR</name>
         <load_address>0xb8a</load_address>
         <run_address>0xb8a</run_address>
         <size>0x2</size>
         <input_file_ref idref="fl-6"/>
      </object_component>
      <object_component id="oc-228">
         <name>.text:ControlHandler</name>
         <load_address>0xb8c</load_address>
         <run_address>0xb8c</run_address>
         <size>0xac</size>
         <input_file_ref idref="fl-4"/>
      </object_component>
      <object_component id="oc-34f">
         <name>.text:HandleRxAvailable</name>
         <load_address>0xc38</load_address>
         <run_address>0xc38</run_address>
         <size>0xac</size>
         <input_file_ref idref="fl-14b"/>
      </object_component>
      <object_component id="oc-1d7">
         <name>.text:USBDCDCCompositeInit</name>
         <load_address>0xce4</load_address>
         <run_address>0xce4</run_address>
         <size>0xa0</size>
         <input_file_ref idref="fl-146"/>
      </object_component>
      <object_component id="oc-51">
         <name>.text</name>
         <load_address>0xd84</load_address>
         <run_address>0xd84</run_address>
         <size>0x9c</size>
         <input_file_ref idref="fl-13b"/>
      </object_component>
      <object_component id="oc-26b">
         <name>.text:USBDSetInterface</name>
         <load_address>0xe20</load_address>
         <run_address>0xe20</run_address>
         <size>0x98</size>
         <input_file_ref idref="fl-143"/>
      </object_component>
      <object_component id="oc-5c0">
         <name>.text:SendSerialState</name>
         <load_address>0xeb8</load_address>
         <run_address>0xeb8</run_address>
         <size>0x96</size>
         <input_file_ref idref="fl-146"/>
      </object_component>
      <object_component id="oc-2b6">
         <name>.text:CDCTickHandler</name>
         <load_address>0xf4e</load_address>
         <run_address>0xf4e</run_address>
         <size>0x94</size>
         <input_file_ref idref="fl-146"/>
      </object_component>
      <object_component id="oc-33">
         <name>.text:IntDefaultHandler</name>
         <load_address>0xfe2</load_address>
         <run_address>0xfe2</run_address>
         <size>0x2</size>
         <input_file_ref idref="fl-6"/>
      </object_component>
      <object_component id="oc-40">
         <name>.text</name>
         <load_address>0xfe4</load_address>
         <run_address>0xfe4</run_address>
         <size>0x94</size>
         <input_file_ref idref="fl-140"/>
      </object_component>
      <object_component id="oc-476">
         <name>.text:ScheduleNextTransmission</name>
         <load_address>0x1078</load_address>
         <run_address>0x1078</run_address>
         <size>0x90</size>
         <input_file_ref idref="fl-14b"/>
      </object_component>
      <object_component id="oc-219">
         <name>.text:USBDCDCPacketRead</name>
         <load_address>0x1108</load_address>
         <run_address>0x1108</run_address>
         <size>0x90</size>
         <input_file_ref idref="fl-146"/>
      </object_component>
      <object_component id="oc-261">
         <name>.text:USBDSetConfiguration</name>
         <load_address>0x1198</load_address>
         <run_address>0x1198</run_address>
         <size>0x8c</size>
         <input_file_ref idref="fl-143"/>
      </object_component>
      <object_component id="oc-384">
         <name>.text:USBDeviceConfigAlternate</name>
         <load_address>0x1224</load_address>
         <run_address>0x1224</run_address>
         <size>0x8c</size>
         <input_file_ref idref="fl-144"/>
      </object_component>
      <object_component id="oc-332">
         <name>.text:GetLineCoding</name>
         <load_address>0x12b0</load_address>
         <run_address>0x12b0</run_address>
         <size>0x88</size>
         <input_file_ref idref="fl-4"/>
      </object_component>
      <object_component id="oc-551">
         <name>.text:uDMAChannelTransferSet</name>
         <load_address>0x1338</load_address>
         <run_address>0x1338</run_address>
         <size>0x80</size>
         <input_file_ref idref="fl-150"/>
      </object_component>
      <object_component id="oc-243">
         <name>.text:USBDClearFeature</name>
         <load_address>0x13b8</load_address>
         <run_address>0x13b8</run_address>
         <size>0x78</size>
         <input_file_ref idref="fl-143"/>
      </object_component>
      <object_component id="oc-3d5">
         <name>.text:HandleDevice</name>
         <load_address>0x1430</load_address>
         <run_address>0x1430</run_address>
         <size>0x76</size>
         <input_file_ref idref="fl-146"/>
      </object_component>
      <object_component id="oc-4ad">
         <name>.text:USBDevEndpointConfigSet</name>
         <load_address>0x14a6</load_address>
         <run_address>0x14a6</run_address>
         <size>0x72</size>
         <input_file_ref idref="fl-14f"/>
      </object_component>
      <object_component id="oc-3f9">
         <name>.text:uDMAUSBArbSizeSet</name>
         <load_address>0x1518</load_address>
         <run_address>0x1518</run_address>
         <size>0x72</size>
         <input_file_ref idref="fl-149"/>
      </object_component>
      <object_component id="oc-29">
         <name>.text:NmiSR</name>
         <load_address>0x158a</load_address>
         <run_address>0x158a</run_address>
         <size>0x2</size>
         <input_file_ref idref="fl-6"/>
      </object_component>
      <object_component id="oc-135">
         <name>.text:USBDEP0StateTx</name>
         <load_address>0x158c</load_address>
         <run_address>0x158c</run_address>
         <size>0x70</size>
         <input_file_ref idref="fl-143"/>
      </object_component>
      <object_component id="oc-23e">
         <name>.text:USBDGetStatus</name>
         <load_address>0x15fc</load_address>
         <run_address>0x15fc</run_address>
         <size>0x70</size>
         <input_file_ref idref="fl-143"/>
      </object_component>
      <object_component id="oc-43a">
         <name>.text:uDMAUSBUnitSizeSet</name>
         <load_address>0x166c</load_address>
         <run_address>0x166c</run_address>
         <size>0x70</size>
         <input_file_ref idref="fl-149"/>
      </object_component>
      <object_component id="oc-4fa">
         <name>.text:ProcessDataFromHost</name>
         <load_address>0x16dc</load_address>
         <run_address>0x16dc</run_address>
         <size>0x6e</size>
         <input_file_ref idref="fl-146"/>
      </object_component>
      <object_component id="oc-337">
         <name>.text:SetLineCoding</name>
         <load_address>0x174a</load_address>
         <run_address>0x174a</run_address>
         <size>0x2</size>
         <input_file_ref idref="fl-4"/>
      </object_component>
      <object_component id="oc-52f">
         <name>.text:IntDisable</name>
         <load_address>0x174c</load_address>
         <run_address>0x174c</run_address>
         <size>0x68</size>
         <input_file_ref idref="fl-153"/>
      </object_component>
      <object_component id="oc-2e9">
         <name>.text:IntEnable</name>
         <load_address>0x17b4</load_address>
         <run_address>0x17b4</run_address>
         <size>0x68</size>
         <input_file_ref idref="fl-153"/>
      </object_component>
      <object_component id="oc-e1">
         <name>.text:ConfigureUART</name>
         <load_address>0x181c</load_address>
         <run_address>0x181c</run_address>
         <size>0x64</size>
         <input_file_ref idref="fl-7"/>
      </object_component>
      <object_component id="oc-52a">
         <name>.text:IntIsEnabled</name>
         <load_address>0x1880</load_address>
         <run_address>0x1880</run_address>
         <size>0x64</size>
         <input_file_ref idref="fl-153"/>
      </object_component>
      <object_component id="oc-248">
         <name>.text:USBDSetFeature</name>
         <load_address>0x18e4</load_address>
         <run_address>0x18e4</run_address>
         <size>0x64</size>
         <input_file_ref idref="fl-143"/>
      </object_component>
      <object_component id="oc-e6">
         <name>.text:USBInit</name>
         <load_address>0x1948</load_address>
         <run_address>0x1948</run_address>
         <size>0x64</size>
         <input_file_ref idref="fl-4"/>
      </object_component>
      <object_component id="oc-408">
         <name>.text:uDMAUSBChannelEnable</name>
         <load_address>0x19ac</load_address>
         <run_address>0x19ac</run_address>
         <size>0x64</size>
         <input_file_ref idref="fl-149"/>
      </object_component>
      <object_component id="oc-15f">
         <name>.text:UARTStdioConfig</name>
         <load_address>0x1a10</load_address>
         <run_address>0x1a10</run_address>
         <size>0x60</size>
         <input_file_ref idref="fl-3"/>
      </object_component>
      <object_component id="oc-22d">
         <name>.text:USBBufferEventCallback</name>
         <load_address>0x1a70</load_address>
         <run_address>0x1a70</run_address>
         <size>0x60</size>
         <input_file_ref idref="fl-14b"/>
      </object_component>
      <object_component id="oc-12b">
         <name>.text:USBDReadAndDispatchRequest</name>
         <load_address>0x1ad0</load_address>
         <run_address>0x1ad0</run_address>
         <size>0x60</size>
         <input_file_ref idref="fl-143"/>
      </object_component>
      <object_component id="oc-117">
         <name>.text:USBDevEndpointStatusClear</name>
         <load_address>0x1b30</load_address>
         <run_address>0x1b30</run_address>
         <size>0x5e</size>
         <input_file_ref idref="fl-14f"/>
      </object_component>
      <object_component id="oc-63">
         <name>.text</name>
         <load_address>0x1b8e</load_address>
         <run_address>0x1b8e</run_address>
         <size>0x5e</size>
         <input_file_ref idref="fl-138"/>
      </object_component>
      <object_component id="oc-4ff">
         <name>.text:ProcessDataToHost</name>
         <load_address>0x1bec</load_address>
         <run_address>0x1bec</run_address>
         <size>0x5c</size>
         <input_file_ref idref="fl-146"/>
      </object_component>
      <object_component id="oc-36b">
         <name>.text:USBDStringIndexFromRequest</name>
         <load_address>0x1c48</load_address>
         <run_address>0x1c48</run_address>
         <size>0x5c</size>
         <input_file_ref idref="fl-143"/>
      </object_component>
      <object_component id="oc-204">
         <name>.text:USBDCDCPacketWrite</name>
         <load_address>0x1ca4</load_address>
         <run_address>0x1ca4</run_address>
         <size>0x56</size>
         <input_file_ref idref="fl-146"/>
      </object_component>
      <object_component id="oc-417">
         <name>.text:uDMAUSBChannelRelease</name>
         <load_address>0x1cfa</load_address>
         <run_address>0x1cfa</run_address>
         <size>0x54</size>
         <input_file_ref idref="fl-149"/>
      </object_component>
      <object_component id="oc-412">
         <name>.text:uDMAUSBChannelIntDisable</name>
         <load_address>0x1d4e</load_address>
         <run_address>0x1d4e</run_address>
         <size>0x2</size>
         <input_file_ref idref="fl-149"/>
      </object_component>
      <object_component id="oc-2bc">
         <name>.text:SysCtlPeripheralReset</name>
         <load_address>0x1d50</load_address>
         <run_address>0x1d50</run_address>
         <size>0x50</size>
         <input_file_ref idref="fl-152"/>
      </object_component>
      <object_component id="oc-49e">
         <name>.text:USBDCDConfigDescGet</name>
         <load_address>0x1da0</load_address>
         <run_address>0x1da0</run_address>
         <size>0x50</size>
         <input_file_ref idref="fl-145"/>
      </object_component>
      <object_component id="oc-b8">
         <name>.text:USBDeviceResumeTickHandler</name>
         <load_address>0x1df0</load_address>
         <run_address>0x1df0</run_address>
         <size>0x50</size>
         <input_file_ref idref="fl-143"/>
      </object_component>
      <object_component id="oc-363">
         <name>.text:USBDevEndpointStallClear</name>
         <load_address>0x1e40</load_address>
         <run_address>0x1e40</run_address>
         <size>0x4e</size>
         <input_file_ref idref="fl-14f"/>
      </object_component>
      <object_component id="oc-4c4">
         <name>.text:ConfigAlternateInterfaceGet</name>
         <load_address>0x1e8e</load_address>
         <run_address>0x1e8e</run_address>
         <size>0x4c</size>
         <input_file_ref idref="fl-145"/>
      </object_component>
      <object_component id="oc-4a8">
         <name>.text:GetEPDescriptorType</name>
         <load_address>0x1eda</load_address>
         <run_address>0x1eda</run_address>
         <size>0x4c</size>
         <input_file_ref idref="fl-144"/>
      </object_component>
      <object_component id="oc-3d0">
         <name>.text:HandleEndpoints</name>
         <load_address>0x1f26</load_address>
         <run_address>0x1f26</run_address>
         <size>0x4c</size>
         <input_file_ref idref="fl-146"/>
      </object_component>
      <object_component id="oc-40d">
         <name>.text:uDMAUSBChannelIntEnable</name>
         <load_address>0x1f72</load_address>
         <run_address>0x1f72</run_address>
         <size>0x2</size>
         <input_file_ref idref="fl-149"/>
      </object_component>
      <object_component id="oc-16f">
         <name>.text:USBDCDCInit</name>
         <load_address>0x1f74</load_address>
         <run_address>0x1f74</run_address>
         <size>0x4c</size>
         <input_file_ref idref="fl-146"/>
      </object_component>
      <object_component id="oc-55b">
         <name>.text:USBEndpointDMAConfigSet</name>
         <load_address>0x1fc0</load_address>
         <run_address>0x1fc0</run_address>
         <size>0x4c</size>
         <input_file_ref idref="fl-14f"/>
      </object_component>
      <object_component id="oc-403">
         <name>.text:uDMAUSBChannelDisable</name>
         <load_address>0x200c</load_address>
         <run_address>0x200c</run_address>
         <size>0x4a</size>
         <input_file_ref idref="fl-149"/>
      </object_component>
      <object_component id="oc-10">
         <name>.text</name>
         <load_address>0x2058</load_address>
         <run_address>0x2058</run_address>
         <size>0x48</size>
         <input_file_ref idref="fl-136"/>
      </object_component>
      <object_component id="oc-519">
         <name>.text:uDMAChannelAttributeDisable</name>
         <load_address>0x20a0</load_address>
         <run_address>0x20a0</run_address>
         <size>0x48</size>
         <input_file_ref idref="fl-150"/>
      </object_component>
      <object_component id="oc-3bc">
         <name>.text:HandleEP0Data</name>
         <load_address>0x20e8</load_address>
         <run_address>0x20e8</run_address>
         <size>0x46</size>
         <input_file_ref idref="fl-146"/>
      </object_component>
      <object_component id="oc-b3">
         <name>.text:USBDeviceEnumResetHandler</name>
         <load_address>0x2130</load_address>
         <run_address>0x2130</run_address>
         <size>0x44</size>
         <input_file_ref idref="fl-143"/>
      </object_component>
      <object_component id="oc-121">
         <name>.text:USBEndpointDataGet</name>
         <load_address>0x2174</load_address>
         <run_address>0x2174</run_address>
         <size>0x44</size>
         <input_file_ref idref="fl-14f"/>
      </object_component>
      <object_component id="oc-90">
         <name>.text:main</name>
         <load_address>0x21b8</load_address>
         <run_address>0x21b8</run_address>
         <size>0x44</size>
         <input_file_ref idref="fl-7"/>
      </object_component>
      <object_component id="oc-8a">
         <name>.text</name>
         <load_address>0x21fc</load_address>
         <run_address>0x21fc</run_address>
         <size>0x44</size>
         <input_file_ref idref="fl-141"/>
      </object_component>
      <object_component id="oc-49">
         <name>.text</name>
         <load_address>0x2240</load_address>
         <run_address>0x2240</run_address>
         <size>0x44</size>
         <input_file_ref idref="fl-13a"/>
      </object_component>
      <object_component id="oc-266">
         <name>.text:USBDGetInterface</name>
         <load_address>0x2284</load_address>
         <run_address>0x2284</run_address>
         <size>0x40</size>
         <input_file_ref idref="fl-143"/>
      </object_component>
      <object_component id="oc-4a3">
         <name>.text:USBDCDConfigGetInterfaceEndpoint</name>
         <load_address>0x22c4</load_address>
         <run_address>0x22c4</run_address>
         <size>0x3a</size>
         <input_file_ref idref="fl-145"/>
      </object_component>
      <object_component id="oc-4b7">
         <name>.text:USBFIFOConfigSet</name>
         <load_address>0x22fe</load_address>
         <run_address>0x22fe</run_address>
         <size>0x3a</size>
         <input_file_ref idref="fl-14f"/>
      </object_component>
      <object_component id="oc-319">
         <name>.text:RxDataHandler</name>
         <load_address>0x2338</load_address>
         <run_address>0x2338</run_address>
         <size>0x38</size>
         <input_file_ref idref="fl-7"/>
      </object_component>
      <object_component id="oc-73">
         <name>.text:USBIntStatusControl</name>
         <load_address>0x2370</load_address>
         <run_address>0x2370</run_address>
         <size>0x38</size>
         <input_file_ref idref="fl-14f"/>
      </object_component>
      <object_component id="oc-3dc">
         <name>.text:SendBreak</name>
         <load_address>0x23a8</load_address>
         <run_address>0x23a8</run_address>
         <size>0x36</size>
         <input_file_ref idref="fl-146"/>
      </object_component>
      <object_component id="oc-482">
         <name>.text:USBRingBufAdvanceWrite</name>
         <load_address>0x23de</load_address>
         <run_address>0x23de</run_address>
         <size>0x36</size>
         <input_file_ref idref="fl-14e"/>
      </object_component>
      <object_component id="oc-bd">
         <name>.text:InternalUSBStartOfFrameTick</name>
         <load_address>0x2414</load_address>
         <run_address>0x2414</run_address>
         <size>0x34</size>
         <input_file_ref idref="fl-147"/>
      </object_component>
      <object_component id="oc-2c1">
         <name>.text:SysCtlPeripheralEnable</name>
         <load_address>0x2448</load_address>
         <run_address>0x2448</run_address>
         <size>0x34</size>
         <input_file_ref idref="fl-152"/>
      </object_component>
      <object_component id="oc-3b7">
         <name>.text:HandleConfigChange</name>
         <load_address>0x247c</load_address>
         <run_address>0x247c</run_address>
         <size>0x32</size>
         <input_file_ref idref="fl-146"/>
      </object_component>
      <object_component id="oc-597">
         <name>.text:NextConfigDescGet</name>
         <load_address>0x24ae</load_address>
         <run_address>0x24ae</run_address>
         <size>0x32</size>
         <input_file_ref idref="fl-145"/>
      </object_component>
      <object_component id="oc-4f5">
         <name>.text:ProcessNotificationToHost</name>
         <load_address>0x24e0</load_address>
         <run_address>0x24e0</run_address>
         <size>0x32</size>
         <input_file_ref idref="fl-146"/>
      </object_component>
      <object_component id="oc-236">
         <name>.text:USBDevEndpointStall</name>
         <load_address>0x2512</load_address>
         <run_address>0x2512</run_address>
         <size>0x32</size>
         <input_file_ref idref="fl-14f"/>
      </object_component>
      <object_component id="oc-421">
         <name>.text:DMAUSBIntHandler</name>
         <load_address>0x2544</load_address>
         <run_address>0x2544</run_address>
         <size>0x30</size>
         <input_file_ref idref="fl-149"/>
      </object_component>
      <object_component id="oc-2aa">
         <name>.text:InternalUSBTickInit</name>
         <load_address>0x2574</load_address>
         <run_address>0x2574</run_address>
         <size>0x30</size>
         <input_file_ref idref="fl-147"/>
      </object_component>
      <object_component id="oc-214">
         <name>.text:RxHandler</name>
         <load_address>0x25a4</load_address>
         <run_address>0x25a4</run_address>
         <size>0x30</size>
         <input_file_ref idref="fl-4"/>
      </object_component>
      <object_component id="oc-25c">
         <name>.text:USBDGetConfiguration</name>
         <load_address>0x25d4</load_address>
         <run_address>0x25d4</run_address>
         <size>0x30</size>
         <input_file_ref idref="fl-143"/>
      </object_component>
      <object_component id="oc-1a6">
         <name>.text:USBEndpointDataPut</name>
         <load_address>0x2604</load_address>
         <run_address>0x2604</run_address>
         <size>0x30</size>
         <input_file_ref idref="fl-14f"/>
      </object_component>
      <object_component id="oc-21e">
         <name>.text:USBDCDCRxPacketAvailable</name>
         <load_address>0x2634</load_address>
         <run_address>0x2634</run_address>
         <size>0x2e</size>
         <input_file_ref idref="fl-146"/>
      </object_component>
      <object_component id="oc-1ab">
         <name>.text:USBEndpointDataSend</name>
         <load_address>0x2662</load_address>
         <run_address>0x2662</run_address>
         <size>0x2e</size>
         <input_file_ref idref="fl-14f"/>
      </object_component>
      <object_component id="oc-45b">
         <name>.text:USBBufferWrite</name>
         <load_address>0x2690</load_address>
         <run_address>0x2690</run_address>
         <size>0x2c</size>
         <input_file_ref idref="fl-14b"/>
      </object_component>
      <object_component id="oc-591">
         <name>.text:USBDescGet</name>
         <load_address>0x26bc</load_address>
         <run_address>0x26bc</run_address>
         <size>0x2c</size>
         <input_file_ref idref="fl-14a"/>
      </object_component>
      <object_component id="oc-426">
         <name>.text:uDMAUSBIntStatus</name>
         <load_address>0x26e8</load_address>
         <run_address>0x26e8</run_address>
         <size>0x2c</size>
         <input_file_ref idref="fl-149"/>
      </object_component>
      <object_component id="oc-37a">
         <name>.text:USBDCDConfigDescGetNum</name>
         <load_address>0x2714</load_address>
         <run_address>0x2714</run_address>
         <size>0x2a</size>
         <input_file_ref idref="fl-145"/>
      </object_component>
      <object_component id="oc-2af">
         <name>.text:InternalUSBRegisterTickHandler</name>
         <load_address>0x2740</load_address>
         <run_address>0x2740</run_address>
         <size>0x28</size>
         <input_file_ref idref="fl-147"/>
      </object_component>
      <object_component id="oc-4be">
         <name>.text:USBDescGetNum</name>
         <load_address>0x2768</load_address>
         <run_address>0x2768</run_address>
         <size>0x28</size>
         <input_file_ref idref="fl-14a"/>
      </object_component>
      <object_component id="oc-2da">
         <name>.text:USBIntEnableControl</name>
         <load_address>0x2790</load_address>
         <run_address>0x2790</run_address>
         <size>0x28</size>
         <input_file_ref idref="fl-14f"/>
      </object_component>
      <object_component id="oc-57c">
         <name>.text:UpdateIndexAtomic</name>
         <load_address>0x27b8</load_address>
         <run_address>0x27b8</run_address>
         <size>0x28</size>
         <input_file_ref idref="fl-14e"/>
      </object_component>
      <object_component id="oc-544">
         <name>.text:uDMAChannelModeGet</name>
         <load_address>0x27e0</load_address>
         <run_address>0x27e0</run_address>
         <size>0x28</size>
         <input_file_ref idref="fl-150"/>
      </object_component>
      <object_component id="oc-34a">
         <name>.text:HandleRequestBuffer</name>
         <load_address>0x2808</load_address>
         <run_address>0x2808</run_address>
         <size>0x24</size>
         <input_file_ref idref="fl-14b"/>
      </object_component>
      <object_component id="oc-456">
         <name>.text:USBBufferRead</name>
         <load_address>0x282c</load_address>
         <run_address>0x282c</run_address>
         <size>0x24</size>
         <input_file_ref idref="fl-14b"/>
      </object_component>
      <object_component id="oc-2a5">
         <name>.text:USBDCDDeviceInfoInit</name>
         <load_address>0x2850</load_address>
         <run_address>0x2850</run_address>
         <size>0x24</size>
         <input_file_ref idref="fl-143"/>
      </object_component>
      <object_component id="oc-24d">
         <name>.text:USBDSetAddress</name>
         <load_address>0x2874</load_address>
         <run_address>0x2874</run_address>
         <size>0x24</size>
         <input_file_ref idref="fl-143"/>
      </object_component>
      <object_component id="oc-126">
         <name>.text:USBDevEndpointDataAck</name>
         <load_address>0x2898</load_address>
         <run_address>0x2898</run_address>
         <size>0x24</size>
         <input_file_ref idref="fl-14f"/>
      </object_component>
      <object_component id="oc-51e">
         <name>.text:USBEndpointDMADisable</name>
         <load_address>0x28bc</load_address>
         <run_address>0x28bc</run_address>
         <size>0x24</size>
         <input_file_ref idref="fl-14f"/>
      </object_component>
      <object_component id="oc-534">
         <name>.text:USBEndpointDMAEnable</name>
         <load_address>0x28e0</load_address>
         <run_address>0x28e0</run_address>
         <size>0x24</size>
         <input_file_ref idref="fl-14f"/>
      </object_component>
      <object_component id="oc-50e">
         <name>.text:uDMAChannelControlSet</name>
         <load_address>0x2904</load_address>
         <run_address>0x2904</run_address>
         <size>0x24</size>
         <input_file_ref idref="fl-150"/>
      </object_component>
      <object_component id="oc-3cb">
         <name>.text:HandleDisconnect</name>
         <load_address>0x2928</load_address>
         <run_address>0x2928</run_address>
         <size>0x22</size>
         <input_file_ref idref="fl-146"/>
      </object_component>
      <object_component id="oc-3eb">
         <name>.text:SendLineCodingChange</name>
         <load_address>0x294a</load_address>
         <run_address>0x294a</run_address>
         <size>0x22</size>
         <input_file_ref idref="fl-146"/>
      </object_component>
      <object_component id="oc-3e6">
         <name>.text:SendLineStateChange</name>
         <load_address>0x296c</load_address>
         <run_address>0x296c</run_address>
         <size>0x22</size>
         <input_file_ref idref="fl-146"/>
      </object_component>
      <object_component id="oc-41c">
         <name>.text:uDMAUSBChannelStatus</name>
         <load_address>0x298e</load_address>
         <run_address>0x298e</run_address>
         <size>0x22</size>
         <input_file_ref idref="fl-149"/>
      </object_component>
      <object_component id="oc-4b2">
         <name>.text:GetEndpointFIFOSize</name>
         <load_address>0x29b0</load_address>
         <run_address>0x29b0</run_address>
         <size>0x20</size>
         <input_file_ref idref="fl-144"/>
      </object_component>
      <object_component id="oc-16a">
         <name>.text:USBStackModeSet</name>
         <load_address>0x29d0</load_address>
         <run_address>0x29d0</run_address>
         <size>0x20</size>
         <input_file_ref idref="fl-148"/>
      </object_component>
      <object_component id="oc-4d6">
         <name>.text:CheckAndSendBreak</name>
         <load_address>0x29f0</load_address>
         <run_address>0x29f0</run_address>
         <size>0x1e</size>
         <input_file_ref idref="fl-146"/>
      </object_component>
      <object_component id="oc-340">
         <name>.text:HandleDataRemaining</name>
         <load_address>0x2a0e</load_address>
         <run_address>0x2a0e</run_address>
         <size>0x1e</size>
         <input_file_ref idref="fl-14b"/>
      </object_component>
      <object_component id="oc-471">
         <name>.text:USBRingBufAdvanceRead</name>
         <load_address>0x2a2c</load_address>
         <run_address>0x2a2c</run_address>
         <size>0x1e</size>
         <input_file_ref idref="fl-14e"/>
      </object_component>
      <object_component id="oc-31f">
         <name>.text:SetDeferredOpFlag</name>
         <load_address>0x2a4a</load_address>
         <run_address>0x2a4a</run_address>
         <size>0x1c</size>
         <input_file_ref idref="fl-146"/>
      </object_component>
      <object_component id="oc-37f">
         <name>.text:USBDCDConfigGetInterface</name>
         <load_address>0x2a66</load_address>
         <run_address>0x2a66</run_address>
         <size>0x1c</size>
         <input_file_ref idref="fl-145"/>
      </object_component>
      <object_component id="oc-197">
         <name>.text:USBDCDStallEP0</name>
         <load_address>0x2a84</load_address>
         <run_address>0x2a84</run_address>
         <size>0x1c</size>
         <input_file_ref idref="fl-143"/>
      </object_component>
      <object_component id="oc-324">
         <name>.text:USBEndpointDataAvail</name>
         <load_address>0x2aa0</load_address>
         <run_address>0x2aa0</run_address>
         <size>0x1c</size>
         <input_file_ref idref="fl-14f"/>
      </object_component>
      <object_component id="oc-47c">
         <name>.text:USBRingBufContigFree</name>
         <load_address>0x2abc</load_address>
         <run_address>0x2abc</run_address>
         <size>0x1c</size>
         <input_file_ref idref="fl-14e"/>
      </object_component>
      <object_component id="oc-3e1">
         <name>.text:DeviceConsumedAllData</name>
         <load_address>0x2ad8</load_address>
         <run_address>0x2ad8</run_address>
         <size>0x1a</size>
         <input_file_ref idref="fl-146"/>
      </object_component>
      <object_component id="oc-514">
         <name>.text:USBEndpointDMAChannel</name>
         <load_address>0x2af2</load_address>
         <run_address>0x2af2</run_address>
         <size>0x1a</size>
         <input_file_ref idref="fl-14f"/>
      </object_component>
      <object_component id="oc-569">
         <name>.text:USBRingBufRead</name>
         <load_address>0x2b0c</load_address>
         <run_address>0x2b0c</run_address>
         <size>0x1a</size>
         <input_file_ref idref="fl-14e"/>
      </object_component>
      <object_component id="oc-5d7">
         <name>.text:USBRingBufReadOne</name>
         <load_address>0x2b26</load_address>
         <run_address>0x2b26</run_address>
         <size>0x1a</size>
         <input_file_ref idref="fl-14e"/>
      </object_component>
      <object_component id="oc-48c">
         <name>.text:USBRingBufWrite</name>
         <load_address>0x2b40</load_address>
         <run_address>0x2b40</run_address>
         <size>0x1a</size>
         <input_file_ref idref="fl-14e"/>
      </object_component>
      <object_component id="oc-38">
         <name>.text:USB0DeviceIntHandler</name>
         <load_address>0x2b5c</load_address>
         <run_address>0x2b5c</run_address>
         <size>0x18</size>
         <input_file_ref idref="fl-142"/>
      </object_component>
      <object_component id="oc-1a1">
         <name>.text:USBDCDConfigDescGetSize</name>
         <load_address>0x2b74</load_address>
         <run_address>0x2b74</run_address>
         <size>0x18</size>
         <input_file_ref idref="fl-145"/>
      </object_component>
      <object_component id="oc-257">
         <name>.text:USBDSetDescriptor</name>
         <load_address>0x2b8c</load_address>
         <run_address>0x2b8c</run_address>
         <size>0x18</size>
         <input_file_ref idref="fl-143"/>
      </object_component>
      <object_component id="oc-270">
         <name>.text:USBDSyncFrame</name>
         <load_address>0x2ba4</load_address>
         <run_address>0x2ba4</run_address>
         <size>0x18</size>
         <input_file_ref idref="fl-143"/>
      </object_component>
      <object_component id="oc-44">
         <name>.text</name>
         <load_address>0x2bbc</load_address>
         <run_address>0x2bbc</run_address>
         <size>0x18</size>
         <input_file_ref idref="fl-13f"/>
      </object_component>
      <object_component id="oc-524">
         <name>.text:uDMAChannelDisable</name>
         <load_address>0x2bd4</load_address>
         <run_address>0x2bd4</run_address>
         <size>0x18</size>
         <input_file_ref idref="fl-150"/>
      </object_component>
      <object_component id="oc-539">
         <name>.text:uDMAChannelEnable</name>
         <load_address>0x2bec</load_address>
         <run_address>0x2bec</run_address>
         <size>0x18</size>
         <input_file_ref idref="fl-150"/>
      </object_component>
      <object_component id="oc-4ec">
         <name>.text:CheckAndSendLineCodingChange</name>
         <load_address>0x2c04</load_address>
         <run_address>0x2c04</run_address>
         <size>0x16</size>
         <input_file_ref idref="fl-146"/>
      </object_component>
      <object_component id="oc-4db">
         <name>.text:CheckAndSendLineStateChange</name>
         <load_address>0x2c1a</load_address>
         <run_address>0x2c1a</run_address>
         <size>0x16</size>
         <input_file_ref idref="fl-146"/>
      </object_component>
      <object_component id="oc-165">
         <name>.text:USBBufferInit</name>
         <load_address>0x2c30</load_address>
         <run_address>0x2c30</run_address>
         <size>0x16</size>
         <input_file_ref idref="fl-14b"/>
      </object_component>
      <object_component id="oc-46b">
         <name>.text:USBRingBufUsed</name>
         <load_address>0x2c46</load_address>
         <run_address>0x2c46</run_address>
         <size>0x16</size>
         <input_file_ref idref="fl-14e"/>
      </object_component>
      <object_component id="oc-4e5">
         <name>.text:USBDCDRequestDataEP0</name>
         <load_address>0x2c5c</load_address>
         <run_address>0x2c5c</run_address>
         <size>0x14</size>
         <input_file_ref idref="fl-143"/>
      </object_component>
      <object_component id="oc-107">
         <name>.text:USBHostResume</name>
         <load_address>0x2c70</load_address>
         <run_address>0x2c70</run_address>
         <size>0x14</size>
         <input_file_ref idref="fl-14f"/>
      </object_component>
      <object_component id="oc-2df">
         <name>.text:USBIntEnableEndpoint</name>
         <load_address>0x2c84</load_address>
         <run_address>0x2c84</run_address>
         <size>0x14</size>
         <input_file_ref idref="fl-14f"/>
      </object_component>
      <object_component id="oc-463">
         <name>.text:USBRingBufFlush</name>
         <load_address>0x2c98</load_address>
         <run_address>0x2c98</run_address>
         <size>0x14</size>
         <input_file_ref idref="fl-14e"/>
      </object_component>
      <object_component id="oc-5a0">
         <name>.text:_USBIndexWrite</name>
         <load_address>0x2cac</load_address>
         <run_address>0x2cac</run_address>
         <size>0x14</size>
         <input_file_ref idref="fl-14f"/>
      </object_component>
      <object_component id="oc-f8">
         <name>.text</name>
         <load_address>0x2cc0</load_address>
         <run_address>0x2cc0</run_address>
         <size>0x14</size>
         <input_file_ref idref="fl-13e"/>
      </object_component>
      <object_component id="oc-3c6">
         <name>.text:HandleResume</name>
         <load_address>0x2cd4</load_address>
         <run_address>0x2cd4</run_address>
         <size>0x12</size>
         <input_file_ref idref="fl-146"/>
      </object_component>
      <object_component id="oc-3c1">
         <name>.text:HandleSuspend</name>
         <load_address>0x2ce6</load_address>
         <run_address>0x2ce6</run_address>
         <size>0x12</size>
         <input_file_ref idref="fl-146"/>
      </object_component>
      <object_component id="oc-345">
         <name>.text:HandleTxComplete</name>
         <load_address>0x2cf8</load_address>
         <run_address>0x2cf8</run_address>
         <size>0x12</size>
         <input_file_ref idref="fl-14b"/>
      </object_component>
      <object_component id="oc-487">
         <name>.text:USBRingBufFree</name>
         <load_address>0x2d0a</load_address>
         <run_address>0x2d0a</run_address>
         <size>0x12</size>
         <input_file_ref idref="fl-14e"/>
      </object_component>
      <object_component id="oc-58b">
         <name>.text:USBRingBufWriteOne</name>
         <load_address>0x2d1c</load_address>
         <run_address>0x2d1c</run_address>
         <size>0x12</size>
         <input_file_ref idref="fl-14e"/>
      </object_component>
      <object_component id="oc-19">
         <name>.text:decompress:ZI</name>
         <load_address>0x2d2e</load_address>
         <run_address>0x2d2e</run_address>
         <size>0x12</size>
         <input_file_ref idref="fl-139"/>
      </object_component>
      <object_component id="oc-570">
         <name>.text:IntMasterDisable</name>
         <load_address>0x2d40</load_address>
         <run_address>0x2d40</run_address>
         <size>0x10</size>
         <input_file_ref idref="fl-153"/>
      </object_component>
      <object_component id="oc-575">
         <name>.text:IntMasterEnable</name>
         <load_address>0x2d50</load_address>
         <run_address>0x2d50</run_address>
         <size>0x10</size>
         <input_file_ref idref="fl-153"/>
      </object_component>
      <object_component id="oc-2c6">
         <name>.text:SysCtlUSBPLLEnable</name>
         <load_address>0x2d60</load_address>
         <run_address>0x2d60</run_address>
         <size>0x10</size>
         <input_file_ref idref="fl-152"/>
      </object_component>
      <object_component id="oc-4e0">
         <name>.text:USBDCDSendDataEP0</name>
         <load_address>0x2d70</load_address>
         <run_address>0x2d70</run_address>
         <size>0x10</size>
         <input_file_ref idref="fl-143"/>
      </object_component>
      <object_component id="oc-112">
         <name>.text:USBEndpointStatus</name>
         <load_address>0x2d80</load_address>
         <run_address>0x2d80</run_address>
         <size>0x10</size>
         <input_file_ref idref="fl-14f"/>
      </object_component>
      <object_component id="oc-582">
         <name>.text:USBRingBufContigUsed</name>
         <load_address>0x2d90</load_address>
         <run_address>0x2d90</run_address>
         <size>0x10</size>
         <input_file_ref idref="fl-14e"/>
      </object_component>
      <object_component id="oc-42b">
         <name>.text:DMAUSBIntStatusClear</name>
         <load_address>0x2da0</load_address>
         <run_address>0x2da0</run_address>
         <size>0xe</size>
         <input_file_ref idref="fl-149"/>
      </object_component>
      <object_component id="oc-209">
         <name>.text:USBDCDCTxPacketAvailable</name>
         <load_address>0x2dae</load_address>
         <run_address>0x2dae</run_address>
         <size>0xe</size>
         <input_file_ref idref="fl-146"/>
      </object_component>
      <object_component id="oc-14">
         <name>.text:decompress:none</name>
         <load_address>0x2dbc</load_address>
         <run_address>0x2dbc</run_address>
         <size>0xe</size>
         <input_file_ref idref="fl-137"/>
      </object_component>
      <object_component id="oc-5dd">
         <name>.text:CPUcpsid</name>
         <load_address>0x2dca</load_address>
         <run_address>0x2dca</run_address>
         <size>0xc</size>
         <input_file_ref idref="fl-154"/>
      </object_component>
      <object_component id="oc-5e3">
         <name>.text:CPUcpsie</name>
         <load_address>0x2dd6</load_address>
         <run_address>0x2dd6</run_address>
         <size>0xc</size>
         <input_file_ref idref="fl-154"/>
      </object_component>
      <object_component id="oc-556">
         <name>.text:USBEndpointPacketCountSet</name>
         <load_address>0x2de2</load_address>
         <run_address>0x2de2</run_address>
         <size>0xc</size>
         <input_file_ref idref="fl-14f"/>
      </object_component>
      <object_component id="oc-1c5">
         <name>.text:USBRingBufInit</name>
         <load_address>0x2dee</load_address>
         <run_address>0x2dee</run_address>
         <size>0xc</size>
         <input_file_ref idref="fl-14e"/>
      </object_component>
      <object_component id="oc-2e4">
         <name>.text:USBDevConnect</name>
         <load_address>0x2dfa</load_address>
         <run_address>0x2dfa</run_address>
         <size>0xa</size>
         <input_file_ref idref="fl-14f"/>
      </object_component>
      <object_component id="oc-cc">
         <name>.text:USBDevDisconnect</name>
         <load_address>0x2e04</load_address>
         <run_address>0x2e04</run_address>
         <size>0xa</size>
         <input_file_ref idref="fl-14f"/>
      </object_component>
      <object_component id="oc-c2">
         <name>.text:USBIntStatusEndpoint</name>
         <load_address>0x2e0e</load_address>
         <run_address>0x2e0e</run_address>
         <size>0xa</size>
         <input_file_ref idref="fl-14f"/>
      </object_component>
      <object_component id="oc-2d0">
         <name>.text:USBDevMode</name>
         <load_address>0x2e18</load_address>
         <run_address>0x2e18</run_address>
         <size>0x8</size>
         <input_file_ref idref="fl-14f"/>
      </object_component>
      <object_component id="oc-54c">
         <name>.text:USBFIFOAddrGet</name>
         <load_address>0x2e20</load_address>
         <run_address>0x2e20</run_address>
         <size>0x8</size>
         <input_file_ref idref="fl-14f"/>
      </object_component>
      <object_component id="oc-2cb">
         <name>.text:USBOTGMode</name>
         <load_address>0x2e28</load_address>
         <run_address>0x2e28</run_address>
         <size>0x8</size>
         <input_file_ref idref="fl-14f"/>
      </object_component>
      <object_component id="oc-24">
         <name>.text:ResetISR</name>
         <load_address>0x2e30</load_address>
         <run_address>0x2e30</run_address>
         <size>0x6</size>
         <input_file_ref idref="fl-6"/>
      </object_component>
      <object_component id="oc-15a">
         <name>.text:UARTClockSourceSet</name>
         <load_address>0x2e36</load_address>
         <run_address>0x2e36</run_address>
         <size>0x6</size>
         <input_file_ref idref="fl-151"/>
      </object_component>
      <object_component id="oc-451">
         <name>.text:USBBufferDataAvailable</name>
         <load_address>0x2e3c</load_address>
         <run_address>0x2e3c</run_address>
         <size>0x6</size>
         <input_file_ref idref="fl-14b"/>
      </object_component>
      <object_component id="oc-32d">
         <name>.text:USBBufferFlush</name>
         <load_address>0x2e42</load_address>
         <run_address>0x2e42</run_address>
         <size>0x6</size>
         <input_file_ref idref="fl-14b"/>
      </object_component>
      <object_component id="oc-1e">
         <name>.text:decompress:rle24</name>
         <load_address>0x2e48</load_address>
         <run_address>0x2e48</run_address>
         <size>0x6</size>
         <input_file_ref idref="fl-138"/>
      </object_component>
      <object_component id="oc-eb">
         <name>.text:CPUwfi</name>
         <load_address>0x2e4e</load_address>
         <run_address>0x2e4e</run_address>
         <size>0x4</size>
         <input_file_ref idref="fl-154"/>
      </object_component>
      <object_component id="oc-430">
         <name>.text:DMAUSBStatus</name>
         <load_address>0x2e52</load_address>
         <run_address>0x2e52</run_address>
         <size>0x4</size>
         <input_file_ref idref="fl-149"/>
      </object_component>
      <object_component id="oc-1ff">
         <name>.text:TxHandler</name>
         <load_address>0x2e56</load_address>
         <run_address>0x2e56</run_address>
         <size>0x4</size>
         <input_file_ref idref="fl-4"/>
      </object_component>
      <object_component id="oc-11c">
         <name>.text:USBDevAddrSet</name>
         <load_address>0x2e5a</load_address>
         <run_address>0x2e5a</run_address>
         <size>0x4</size>
         <input_file_ref idref="fl-14f"/>
      </object_component>
      <object_component id="oc-444">
         <name>.const</name>
         <load_address>0x2e60</load_address>
         <run_address>0x2e60</run_address>
         <size>0x70</size>
         <input_file_ref idref="fl-153"/>
      </object_component>
      <object_component id="oc-1e3">
         <name>.const</name>
         <load_address>0x2ed0</load_address>
         <run_address>0x2ed0</run_address>
         <size>0x38</size>
         <input_file_ref idref="fl-146"/>
      </object_component>
      <object_component id="oc-35d">
         <name>.const:.string:g_pui8ConfigString</name>
         <load_address>0x2f08</load_address>
         <run_address>0x2f08</run_address>
         <size>0x36</size>
         <input_file_ref idref="fl-5"/>
      </object_component>
      <object_component id="oc-19e">
         <name>.const:g_psUSBDStdRequests</name>
         <load_address>0x2f40</load_address>
         <run_address>0x2f40</run_address>
         <size>0x34</size>
         <input_file_ref idref="fl-143"/>
      </object_component>
      <object_component id="oc-2b4">
         <name>.const:g_sCDCHandlers</name>
         <load_address>0x2f74</load_address>
         <run_address>0x2f74</run_address>
         <size>0x30</size>
         <input_file_ref idref="fl-146"/>
      </object_component>
      <object_component id="oc-35b">
         <name>.const:.string:g_pui8ControlInterfaceString</name>
         <load_address>0x2fa4</load_address>
         <run_address>0x2fa4</run_address>
         <size>0x2c</size>
         <input_file_ref idref="fl-5"/>
      </object_component>
      <object_component id="oc-357">
         <name>.const:.string:g_pui8ManufacturerString</name>
         <load_address>0x2fd0</load_address>
         <run_address>0x2fd0</run_address>
         <size>0x24</size>
         <input_file_ref idref="fl-5"/>
      </object_component>
      <object_component id="oc-17a">
         <name>.const:RxBuffer</name>
         <load_address>0x2ff4</load_address>
         <run_address>0x2ff4</run_address>
         <size>0x24</size>
         <input_file_ref idref="fl-5"/>
      </object_component>
      <object_component id="oc-178">
         <name>.const:TxBuffer</name>
         <load_address>0x3018</load_address>
         <run_address>0x3018</run_address>
         <size>0x24</size>
         <input_file_ref idref="fl-5"/>
      </object_component>
      <object_component id="oc-2f1">
         <name>.const:.string:g_pui8CDCSerCommInterface</name>
         <load_address>0x303c</load_address>
         <run_address>0x303c</run_address>
         <size>0x23</size>
         <input_file_ref idref="fl-146"/>
      </object_component>
      <object_component id="oc-359">
         <name>.const:.string:g_pui8ProductString</name>
         <load_address>0x305f</load_address>
         <run_address>0x305f</run_address>
         <size>0x22</size>
         <input_file_ref idref="fl-5"/>
      </object_component>
      <object_component id="oc-1be">
         <name>.const</name>
         <load_address>0x3084</load_address>
         <run_address>0x3084</run_address>
         <size>0x1c</size>
         <input_file_ref idref="fl-3"/>
      </object_component>
      <object_component id="oc-232">
         <name>.const</name>
         <load_address>0x30a0</load_address>
         <run_address>0x30a0</run_address>
         <size>0x18</size>
         <input_file_ref idref="fl-5"/>
      </object_component>
      <object_component id="oc-2f3">
         <name>.const:.string</name>
         <load_address>0x30b8</load_address>
         <run_address>0x30b8</run_address>
         <size>0x17</size>
         <input_file_ref idref="fl-146"/>
      </object_component>
      <object_component id="oc-355">
         <name>.const:.string</name>
         <load_address>0x30cf</load_address>
         <run_address>0x30cf</run_address>
         <size>0x16</size>
         <input_file_ref idref="fl-5"/>
      </object_component>
      <object_component id="oc-27e">
         <name>.const:.string</name>
         <load_address>0x30e8</load_address>
         <run_address>0x30e8</run_address>
         <size>0x12</size>
         <input_file_ref idref="fl-3"/>
      </object_component>
      <object_component id="oc-61b">
         <name>.cinit..data.load</name>
         <load_address>0x3100</load_address>
         <run_address>0x3100</run_address>
         <size>0x87</size>
      </object_component>
      <object_component id="oc-619">
         <name>__TI_handler_table</name>
         <load_address>0x3188</load_address>
         <run_address>0x3188</run_address>
         <size>0xc</size>
      </object_component>
      <object_component id="oc-61c">
         <name>.cinit..bss.load</name>
         <load_address>0x3198</load_address>
         <run_address>0x3198</run_address>
         <size>0x8</size>
      </object_component>
      <object_component id="oc-61a">
         <name>__TI_cinit_table</name>
         <load_address>0x31a0</load_address>
         <run_address>0x31a0</run_address>
         <size>0x10</size>
      </object_component>
      <object_component id="oc-4e">
         <name>.data</name>
         <load_address>0x200008e4</load_address>
         <run_address>0x200008e4</run_address>
         <size>0x4</size>
         <input_file_ref idref="fl-13c"/>
      </object_component>
      <object_component id="oc-97">
         <name>.data</name>
         <load_address>0x200008cc</load_address>
         <run_address>0x200008cc</run_address>
         <size>0x8</size>
         <input_file_ref idref="fl-13e"/>
      </object_component>
      <object_component id="oc-99">
         <name>.data</name>
         <load_address>0x200008d4</load_address>
         <run_address>0x200008d4</run_address>
         <size>0x8</size>
         <input_file_ref idref="fl-13a"/>
      </object_component>
      <object_component id="oc-d5">
         <name>.data</name>
         <load_address>0x200008b4</load_address>
         <run_address>0x200008b4</run_address>
         <size>0xc</size>
         <input_file_ref idref="fl-147"/>
      </object_component>
      <object_component id="oc-d7">
         <name>.data</name>
         <load_address>0x200008e8</load_address>
         <run_address>0x200008e8</run_address>
         <size>0x4</size>
         <input_file_ref idref="fl-143"/>
      </object_component>
      <object_component id="oc-17c">
         <name>.data:g_sCDCDevice</name>
         <load_address>0x20000814</load_address>
         <run_address>0x20000814</run_address>
         <size>0x60</size>
         <input_file_ref idref="fl-5"/>
      </object_component>
      <object_component id="oc-1c0">
         <name>.data</name>
         <load_address>0x200008dc</load_address>
         <run_address>0x200008dc</run_address>
         <size>0x5</size>
         <input_file_ref idref="fl-3"/>
      </object_component>
      <object_component id="oc-1cc">
         <name>.data</name>
         <load_address>0x200008c0</load_address>
         <run_address>0x200008c0</run_address>
         <size>0x9</size>
         <input_file_ref idref="fl-148"/>
      </object_component>
      <object_component id="oc-1e1">
         <name>.data</name>
         <load_address>0x20000874</load_address>
         <run_address>0x20000874</run_address>
         <size>0x40</size>
         <input_file_ref idref="fl-146"/>
      </object_component>
      <object_component id="oc-d1">
         <name>.bss</name>
         <uninitialized>true</uninitialized>
         <run_address>0x20000404</run_address>
         <size>0x4</size>
         <input_file_ref idref="fl-143"/>
      </object_component>
      <object_component id="oc-d3">
         <name>.bss:g_psDCDInst</name>
         <uninitialized>true</uninitialized>
         <run_address>0x20000310</run_address>
         <size>0x48</size>
         <input_file_ref idref="fl-143"/>
      </object_component>
      <object_component id="oc-10d">
         <name>.bss</name>
         <uninitialized>true</uninitialized>
         <run_address>0x20000398</run_address>
         <size>0x30</size>
         <input_file_ref idref="fl-147"/>
      </object_component>
      <object_component id="oc-19c">
         <name>.bss:g_pui8DataBufferIn</name>
         <uninitialized>true</uninitialized>
         <run_address>0x20000358</run_address>
         <size>0x40</size>
         <input_file_ref idref="fl-143"/>
      </object_component>
      <object_component id="oc-1ce">
         <name>.bss</name>
         <uninitialized>true</uninitialized>
         <run_address>0x200003f8</run_address>
         <size>0xc</size>
         <input_file_ref idref="fl-148"/>
      </object_component>
      <object_component id="oc-20e">
         <name>.bss:g_pui8USBTxBuffer</name>
         <uninitialized>true</uninitialized>
         <run_address>0x20000210</run_address>
         <size>0x100</size>
         <input_file_ref idref="fl-5"/>
      </object_component>
      <object_component id="oc-223">
         <name>.bss:g_pui8USBRxBuffer</name>
         <uninitialized>true</uninitialized>
         <run_address>0x20000110</run_address>
         <size>0x100</size>
         <input_file_ref idref="fl-5"/>
      </object_component>
      <object_component id="oc-3f7">
         <name>.bss:g_psUSBDMAInst</name>
         <uninitialized>true</uninitialized>
         <run_address>0x20000000</run_address>
         <size>0x110</size>
         <input_file_ref idref="fl-149"/>
      </object_component>
      <object_component id="oc-33c">
         <name>.common:g_bUSBConfigured</name>
         <uninitialized>true</uninitialized>
         <run_address>0x20000410</run_address>
         <size>0x1</size>
      </object_component>
      <object_component id="oc-33e">
         <name>.common:g_ui32Flags</name>
         <uninitialized>true</uninitialized>
         <run_address>0x2000040c</run_address>
         <size>0x4</size>
      </object_component>
      <object_component id="oc-33d">
         <name>.common:g_pcStatus</name>
         <uninitialized>true</uninitialized>
         <run_address>0x20000408</run_address>
         <size>0x4</size>
      </object_component>
      <object_component id="oc-225">
         <name>.common:g_pui8RxBufferWorkspace</name>
         <uninitialized>true</uninitialized>
         <run_address>0x200003c8</run_address>
         <size>0x18</size>
      </object_component>
      <object_component id="oc-210">
         <name>.common:g_pui8TxBufferWorkspace</name>
         <uninitialized>true</uninitialized>
         <run_address>0x200003e0</run_address>
         <size>0x18</size>
      </object_component>
      <object_component id="oc-23">
         <name>.stack</name>
         <uninitialized>true</uninitialized>
         <run_address>0x20000414</run_address>
         <size>0x0</size>
         <input_file_ref idref="fl-136"/>
      </object_component>
      <object_component id="oc-61d">
         <name>.stack</name>
         <uninitialized>true</uninitialized>
         <run_address>0x20000414</run_address>
         <size>0x0</size>
      </object_component>
      <object_component id="oc-f">
         <name>.debug_info</name>
         <load_address>0x0</load_address>
         <run_address>0x0</run_address>
         <size>0xe3</size>
         <input_file_ref idref="fl-6"/>
      </object_component>
      <object_component id="oc-11">
         <name>.debug_info</name>
         <load_address>0xe3</load_address>
         <run_address>0xe3</run_address>
         <size>0xf3</size>
         <input_file_ref idref="fl-136"/>
      </object_component>
      <object_component id="oc-15">
         <name>.debug_info</name>
         <load_address>0x1d6</load_address>
         <run_address>0x1d6</run_address>
         <size>0x194</size>
         <input_file_ref idref="fl-137"/>
      </object_component>
      <object_component id="oc-1b">
         <name>.debug_info</name>
         <load_address>0x36a</load_address>
         <run_address>0x36a</run_address>
         <size>0x16a</size>
         <input_file_ref idref="fl-139"/>
      </object_component>
      <object_component id="oc-21">
         <name>.debug_info</name>
         <load_address>0x4d4</load_address>
         <run_address>0x4d4</run_address>
         <size>0x18e</size>
         <input_file_ref idref="fl-138"/>
      </object_component>
      <object_component id="oc-25">
         <name>.debug_info</name>
         <load_address>0x662</load_address>
         <run_address>0x662</run_address>
         <size>0x113</size>
         <input_file_ref idref="fl-6"/>
      </object_component>
      <object_component id="oc-2a">
         <name>.debug_info</name>
         <load_address>0x775</load_address>
         <run_address>0x775</run_address>
         <size>0x104</size>
         <input_file_ref idref="fl-6"/>
      </object_component>
      <object_component id="oc-2f">
         <name>.debug_info</name>
         <load_address>0x879</load_address>
         <run_address>0x879</run_address>
         <size>0x10a</size>
         <input_file_ref idref="fl-6"/>
      </object_component>
      <object_component id="oc-34">
         <name>.debug_info</name>
         <load_address>0x983</load_address>
         <run_address>0x983</run_address>
         <size>0x11c</size>
         <input_file_ref idref="fl-6"/>
      </object_component>
      <object_component id="oc-39">
         <name>.debug_info</name>
         <load_address>0xa9f</load_address>
         <run_address>0xa9f</run_address>
         <size>0x1e4</size>
         <input_file_ref idref="fl-142"/>
      </object_component>
      <object_component id="oc-3f">
         <name>.debug_info</name>
         <load_address>0xc83</load_address>
         <run_address>0xc83</run_address>
         <size>0x12e</size>
         <input_file_ref idref="fl-6"/>
      </object_component>
      <object_component id="oc-42">
         <name>.debug_info</name>
         <load_address>0xdb1</load_address>
         <run_address>0xdb1</run_address>
         <size>0x13d</size>
         <input_file_ref idref="fl-140"/>
      </object_component>
      <object_component id="oc-45">
         <name>.debug_info</name>
         <load_address>0xeee</load_address>
         <run_address>0xeee</run_address>
         <size>0x11c</size>
         <input_file_ref idref="fl-13f"/>
      </object_component>
      <object_component id="oc-4a">
         <name>.debug_info</name>
         <load_address>0x100a</load_address>
         <run_address>0x100a</run_address>
         <size>0x1c2</size>
         <input_file_ref idref="fl-13a"/>
      </object_component>
      <object_component id="oc-4f">
         <name>.debug_info</name>
         <load_address>0x11cc</load_address>
         <run_address>0x11cc</run_address>
         <size>0xbe</size>
         <input_file_ref idref="fl-13c"/>
      </object_component>
      <object_component id="oc-52">
         <name>.debug_info</name>
         <load_address>0x128a</load_address>
         <run_address>0x128a</run_address>
         <size>0xcc</size>
         <input_file_ref idref="fl-13b"/>
      </object_component>
      <object_component id="oc-56">
         <name>.debug_info</name>
         <load_address>0x1356</load_address>
         <run_address>0x1356</run_address>
         <size>0x46</size>
         <input_file_ref idref="fl-137"/>
      </object_component>
      <object_component id="oc-5b">
         <name>.debug_info</name>
         <load_address>0x139c</load_address>
         <run_address>0x139c</run_address>
         <size>0xf2</size>
         <input_file_ref idref="fl-137"/>
      </object_component>
      <object_component id="oc-5d">
         <name>.debug_info</name>
         <load_address>0x148e</load_address>
         <run_address>0x148e</run_address>
         <size>0x46</size>
         <input_file_ref idref="fl-139"/>
      </object_component>
      <object_component id="oc-62">
         <name>.debug_info</name>
         <load_address>0x14d4</load_address>
         <run_address>0x14d4</run_address>
         <size>0xad</size>
         <input_file_ref idref="fl-139"/>
      </object_component>
      <object_component id="oc-65">
         <name>.debug_info</name>
         <load_address>0x1581</load_address>
         <run_address>0x1581</run_address>
         <size>0x1ef</size>
         <input_file_ref idref="fl-138"/>
      </object_component>
      <object_component id="oc-69">
         <name>.debug_info</name>
         <load_address>0x1770</load_address>
         <run_address>0x1770</run_address>
         <size>0xb7</size>
         <input_file_ref idref="fl-138"/>
      </object_component>
      <object_component id="oc-6a">
         <name>.debug_info</name>
         <load_address>0x1827</load_address>
         <run_address>0x1827</run_address>
         <size>0x39</size>
         <input_file_ref idref="fl-138"/>
      </object_component>
      <object_component id="oc-74">
         <name>.debug_info</name>
         <load_address>0x1860</load_address>
         <run_address>0x1860</run_address>
         <size>0x1c3</size>
         <input_file_ref idref="fl-14f"/>
      </object_component>
      <object_component id="oc-79">
         <name>.debug_info</name>
         <load_address>0x1a23</load_address>
         <run_address>0x1a23</run_address>
         <size>0x371</size>
         <input_file_ref idref="fl-143"/>
      </object_component>
      <object_component id="oc-80">
         <name>.debug_info</name>
         <load_address>0x1d94</load_address>
         <run_address>0x1d94</run_address>
         <size>0x84</size>
         <input_file_ref idref="fl-2"/>
      </object_component>
      <object_component id="oc-85">
         <name>.debug_info</name>
         <load_address>0x1e18</load_address>
         <run_address>0x1e18</run_address>
         <size>0x18b</size>
         <input_file_ref idref="fl-2"/>
      </object_component>
      <object_component id="oc-8b">
         <name>.debug_info</name>
         <load_address>0x1fa3</load_address>
         <run_address>0x1fa3</run_address>
         <size>0x14b</size>
         <input_file_ref idref="fl-141"/>
      </object_component>
      <object_component id="oc-91">
         <name>.debug_info</name>
         <load_address>0x20ee</load_address>
         <run_address>0x20ee</run_address>
         <size>0x13d</size>
         <input_file_ref idref="fl-7"/>
      </object_component>
      <object_component id="oc-96">
         <name>.debug_info</name>
         <load_address>0x222b</load_address>
         <run_address>0x222b</run_address>
         <size>0x11b</size>
         <input_file_ref idref="fl-13f"/>
      </object_component>
      <object_component id="oc-98">
         <name>.debug_info</name>
         <load_address>0x2346</load_address>
         <run_address>0x2346</run_address>
         <size>0xc8</size>
         <input_file_ref idref="fl-13e"/>
      </object_component>
      <object_component id="oc-9a">
         <name>.debug_info</name>
         <load_address>0x240e</load_address>
         <run_address>0x240e</run_address>
         <size>0xeb</size>
         <input_file_ref idref="fl-13a"/>
      </object_component>
      <object_component id="oc-9c">
         <name>.debug_info</name>
         <load_address>0x24f9</load_address>
         <run_address>0x24f9</run_address>
         <size>0x146</size>
         <input_file_ref idref="fl-13a"/>
      </object_component>
      <object_component id="oc-a0">
         <name>.debug_info</name>
         <load_address>0x263f</load_address>
         <run_address>0x263f</run_address>
         <size>0x2c</size>
         <input_file_ref idref="fl-137"/>
      </object_component>
      <object_component id="oc-a7">
         <name>.debug_info</name>
         <load_address>0x266b</load_address>
         <run_address>0x266b</run_address>
         <size>0x2c</size>
         <input_file_ref idref="fl-139"/>
      </object_component>
      <object_component id="oc-b2">
         <name>.debug_info</name>
         <load_address>0x2697</load_address>
         <run_address>0x2697</run_address>
         <size>0x1af</size>
         <input_file_ref idref="fl-14f"/>
      </object_component>
      <object_component id="oc-b4">
         <name>.debug_info</name>
         <load_address>0x2846</load_address>
         <run_address>0x2846</run_address>
         <size>0x284</size>
         <input_file_ref idref="fl-143"/>
      </object_component>
      <object_component id="oc-b9">
         <name>.debug_info</name>
         <load_address>0x2aca</load_address>
         <run_address>0x2aca</run_address>
         <size>0x1e4</size>
         <input_file_ref idref="fl-143"/>
      </object_component>
      <object_component id="oc-bf">
         <name>.debug_info</name>
         <load_address>0x2cae</load_address>
         <run_address>0x2cae</run_address>
         <size>0x270</size>
         <input_file_ref idref="fl-147"/>
      </object_component>
      <object_component id="oc-c3">
         <name>.debug_info</name>
         <load_address>0x2f1e</load_address>
         <run_address>0x2f1e</run_address>
         <size>0x1c5</size>
         <input_file_ref idref="fl-14f"/>
      </object_component>
      <object_component id="oc-c8">
         <name>.debug_info</name>
         <load_address>0x30e3</load_address>
         <run_address>0x30e3</run_address>
         <size>0x334</size>
         <input_file_ref idref="fl-143"/>
      </object_component>
      <object_component id="oc-cd">
         <name>.debug_info</name>
         <load_address>0x3417</load_address>
         <run_address>0x3417</run_address>
         <size>0x19c</size>
         <input_file_ref idref="fl-14f"/>
      </object_component>
      <object_component id="oc-d2">
         <name>.debug_info</name>
         <load_address>0x35b3</load_address>
         <run_address>0x35b3</run_address>
         <size>0x103</size>
         <input_file_ref idref="fl-143"/>
      </object_component>
      <object_component id="oc-d4">
         <name>.debug_info</name>
         <load_address>0x36b6</load_address>
         <run_address>0x36b6</run_address>
         <size>0x101</size>
         <input_file_ref idref="fl-143"/>
      </object_component>
      <object_component id="oc-d6">
         <name>.debug_info</name>
         <load_address>0x37b7</load_address>
         <run_address>0x37b7</run_address>
         <size>0x17b</size>
         <input_file_ref idref="fl-147"/>
      </object_component>
      <object_component id="oc-d9">
         <name>.debug_info</name>
         <load_address>0x3932</load_address>
         <run_address>0x3932</run_address>
         <size>0x18b</size>
         <input_file_ref idref="fl-142"/>
      </object_component>
      <object_component id="oc-de">
         <name>.debug_info</name>
[...]
      <symbol id="sm-430">
         <name>USBDeviceEnumHandler</name>
         <value>0x50d</value>
         <object_component_ref idref="oc-c7"/>
      </symbol>
      <symbol id="sm-431">
         <name>USBDCDInit</name>
         <value>0x6c9</value>
         <object_component_ref idref="oc-1dc"/>
      </symbol>
      <symbol id="sm-432">
         <name>USBDeviceEnumResetHandler</name>
         <value>0x2131</value>
         <object_component_ref idref="oc-b3"/>
      </symbol>
      <symbol id="sm-433">
         <name>g_psDCDInst</name>
         <value>0x20000310</value>
         <object_component_ref idref="oc-d3"/>
      </symbol>
      <symbol id="sm-434">
         <name>USBDCDDeviceInfoInit</name>
         <value>0x2851</value>
         <object_component_ref idref="oc-2a5"/>
      </symbol>
      <symbol id="sm-435">
         <name>USBDeviceIntHandlerInternal</name>
         <value>0x7a1</value>
         <object_component_ref idref="oc-78"/>
      </symbol>
      <symbol id="sm-436">
         <name>USBDeviceResumeTickHandler</name>
         <value>0x1df1</value>
         <object_component_ref idref="oc-b8"/>
      </symbol>
      <symbol id="sm-4ca">
         <name>USBDeviceConfigAlternate</name>
         <value>0x1225</value>
         <object_component_ref idref="oc-384"/>
      </symbol>
      <symbol id="sm-4cb">
         <name>USBDeviceConfig</name>
         <value>0x3cd</value>
         <object_component_ref idref="oc-373"/>
      </symbol>
      <symbol id="sm-541">
         <name>USBDCDConfigDescGet</name>
         <value>0x1da1</value>
         <object_component_ref idref="oc-49e"/>
      </symbol>
      <symbol id="sm-542">
         <name>USBDCDConfigGetInterface</name>
         <value>0x2a67</value>
         <object_component_ref idref="oc-37f"/>
      </symbol>
      <symbol id="sm-543">
         <name>USBDCDConfigDescGetSize</name>
         <value>0x2b75</value>
         <object_component_ref idref="oc-1a1"/>
      </symbol>
      <symbol id="sm-544">
         <name>USBDCDConfigGetInterfaceEndpoint</name>
         <value>0x22c5</value>
         <object_component_ref idref="oc-4a3"/>
      </symbol>
      <symbol id="sm-545">
         <name>USBDCDConfigDescGetNum</name>
         <value>0x2715</value>
         <object_component_ref idref="oc-37a"/>
      </symbol>
      <symbol id="sm-697">
         <name>g_psCDCCompSerSections</name>
         <value>0x200008a4</value>
         <object_component_ref idref="oc-1e1"/>
      </symbol>
      <symbol id="sm-698">
         <name>g_sCDCCompSerConfigHeader</name>
         <value>0x2ef8</value>
         <object_component_ref idref="oc-1e3"/>
      </symbol>
      <symbol id="sm-699">
         <name>g_sCDCSerCommInterfaceSection</name>
         <value>0x2ee0</value>
         <object_component_ref idref="oc-1e3"/>
      </symbol>
      <symbol id="sm-69a">
         <name>g_sIADSerConfigSection</name>
         <value>0x2ed8</value>
         <object_component_ref idref="oc-1e3"/>
      </symbol>
      <symbol id="sm-69b">
         <name>g_ppCDCSerConfigDescriptors</name>
         <value>0x2f00</value>
         <object_component_ref idref="oc-1e3"/>
      </symbol>
      <symbol id="sm-69c">
         <name>g_pCDCCompSerConfigDescriptors</name>
         <value>0x2f04</value>
         <object_component_ref idref="oc-1e3"/>
      </symbol>
      <symbol id="sm-69d">
         <name>USBDCDCCompositeInit</name>
         <value>0xce5</value>
         <object_component_ref idref="oc-1d7"/>
      </symbol>
      <symbol id="sm-69e">
         <name>USBDCDCTxPacketAvailable</name>
         <value>0x2daf</value>
         <object_component_ref idref="oc-209"/>
      </symbol>
      <symbol id="sm-69f">
         <name>g_pui8CDCSerDataInterface</name>
         <value>0x30b8</value>
         <object_component_ref idref="oc-2f3"/>
      </symbol>
      <symbol id="sm-6a0">
         <name>g_pui8IADSerDescriptor</name>
         <value>0x2000088f</value>
         <object_component_ref idref="oc-1e1"/>
      </symbol>
      <symbol id="sm-6a1">
         <name>g_sCDCSerDataInterfaceSection</name>
         <value>0x2ee8</value>
         <object_component_ref idref="oc-1e3"/>
      </symbol>
      <symbol id="sm-6a2">
         <name>USBDCDCInit</name>
         <value>0x1f75</value>
         <object_component_ref idref="oc-16f"/>
      </symbol>
      <symbol id="sm-6a3">
         <name>ProcessNotificationToHost</name>
         <value>0x24e1</value>
         <object_component_ref idref="oc-4f5"/>
      </symbol>
      <symbol id="sm-6a4">
         <name>g_sCDCSerConfigSection</name>
         <value>0x2ed0</value>
         <object_component_ref idref="oc-1e3"/>
      </symbol>
      <symbol id="sm-6a5">
         <name>g_sCDCHandlers</name>
         <value>0x2f74</value>
         <object_component_ref idref="oc-2b4"/>
      </symbol>
      <symbol id="sm-6a6">
         <name>g_psCDCSerSections</name>
         <value>0x20000898</value>
         <object_component_ref idref="oc-1e1"/>
      </symbol>
      <symbol id="sm-6a7">
         <name>ProcessDataFromHost</name>
         <value>0x16dd</value>
         <object_component_ref idref="oc-4fa"/>
      </symbol>
      <symbol id="sm-6a8">
         <name>USBDCDCRxPacketAvailable</name>
         <value>0x2635</value>
         <object_component_ref idref="oc-21e"/>
      </symbol>
      <symbol id="sm-6a9">
         <name>g_pui8CDCSerDescriptor</name>
         <value>0x20000886</value>
         <object_component_ref idref="oc-1e1"/>
      </symbol>
      <symbol id="sm-6aa">
         <name>ProcessDataToHost</name>
         <value>0x1bed</value>
         <object_component_ref idref="oc-4ff"/>
      </symbol>
      <symbol id="sm-6ab">
         <name>USBDCDCPacketRead</name>
         <value>0x1109</value>
         <object_component_ref idref="oc-219"/>
      </symbol>
      <symbol id="sm-6ac">
         <name>g_sCDCSerConfigHeader</name>
         <value>0x2ef0</value>
         <object_component_ref idref="oc-1e3"/>
      </symbol>
      <symbol id="sm-6ad">
         <name>g_pui8CDCSerDeviceDescriptor</name>
         <value>0x20000874</value>
         <object_component_ref idref="oc-1e1"/>
      </symbol>
      <symbol id="sm-6ae">
         <name>g_pui8CDCSerCommInterface</name>
         <value>0x303c</value>
         <object_component_ref idref="oc-2f1"/>
      </symbol>
      <symbol id="sm-6af">
         <name>USBDCDCPacketWrite</name>
         <value>0x1ca5</value>
         <object_component_ref idref="oc-204"/>
      </symbol>
      <symbol id="sm-6fb">
         <name>g_ui32USBSOFCount</name>
         <value>0x200008bc</value>
         <object_component_ref idref="oc-d5"/>
      </symbol>
      <symbol id="sm-6fc">
         <name>g_pvTickInstance</name>
         <value>0x200003b0</value>
         <object_component_ref idref="oc-10d"/>
      </symbol>
      <symbol id="sm-6fd">
         <name>g_bUSBTimerInitialized</name>
         <value>0x200008b4</value>
         <object_component_ref idref="oc-d5"/>
      </symbol>
      <symbol id="sm-6fe">
         <name>g_ui32CurrentUSBTick</name>
         <value>0x200008b8</value>
         <object_component_ref idref="oc-d5"/>
      </symbol>
      <symbol id="sm-6ff">
         <name>InternalUSBStartOfFrameTick</name>
         <value>0x2415</value>
         <object_component_ref idref="oc-bd"/>
      </symbol>
      <symbol id="sm-700">
         <name>g_pfnTickHandlers</name>
         <value>0x20000398</value>
         <object_component_ref idref="oc-10d"/>
      </symbol>
      <symbol id="sm-701">
         <name>InternalUSBRegisterTickHandler</name>
         <value>0x2741</value>
         <object_component_ref idref="oc-2af"/>
      </symbol>
      <symbol id="sm-702">
         <name>InternalUSBTickInit</name>
         <value>0x2575</value>
         <object_component_ref idref="oc-2aa"/>
      </symbol>
      <symbol id="sm-738">
         <name>g_eOTGModeState</name>
         <value>0x200003fc</value>
         <object_component_ref idref="oc-1ce"/>
      </symbol>
      <symbol id="sm-739">
         <name>g_ui32PollRate</name>
         <value>0x200003f8</value>
         <object_component_ref idref="oc-1ce"/>
      </symbol>
      <symbol id="sm-73a">
         <name>g_iUSBMode</name>
         <value>0x200008c0</value>
         <object_component_ref idref="oc-1cc"/>
      </symbol>
      <symbol id="sm-73b">
         <name>USBStackModeSet</name>
         <value>0x29d1</value>
         <object_component_ref idref="oc-16a"/>
      </symbol>
      <symbol id="sm-73c">
         <name>g_ui32WaitTicks</name>
         <value>0x200008c4</value>
         <object_component_ref idref="oc-1cc"/>
      </symbol>
      <symbol id="sm-800">
         <name>USBLibDMAInit</name>
         <value>0x949</value>
         <object_component_ref idref="oc-2d5"/>
      </symbol>
      <symbol id="sm-833">
         <name>USBDescGet</name>
         <value>0x26bd</value>
         <object_component_ref idref="oc-591"/>
      </symbol>
      <symbol id="sm-834">
         <name>USBDescGetNum</name>
         <value>0x2769</value>
         <object_component_ref idref="oc-4be"/>
      </symbol>
      <symbol id="sm-8a2">
         <name>USBBufferInit</name>
         <value>0x2c31</value>
         <object_component_ref idref="oc-165"/>
      </symbol>
      <symbol id="sm-8a3">
         <name>USBBufferRead</name>
         <value>0x282d</value>
         <object_component_ref idref="oc-456"/>
      </symbol>
      <symbol id="sm-8a4">
         <name>USBBufferEventCallback</name>
         <value>0x1a71</value>
         <object_component_ref idref="oc-22d"/>
      </symbol>
      <symbol id="sm-8a5">
         <name>USBBufferWrite</name>
         <value>0x2691</value>
         <object_component_ref idref="oc-45b"/>
      </symbol>
      <symbol id="sm-8a6">
         <name>USBBufferDataAvailable</name>
         <value>0x2e3d</value>
         <object_component_ref idref="oc-451"/>
      </symbol>
      <symbol id="sm-8a7">
         <name>USBBufferFlush</name>
         <value>0x2e43</value>
         <object_component_ref idref="oc-32d"/>
      </symbol>
      <symbol id="sm-91f">
         <name>USBRingBufWrite</name>
         <value>0x2b41</value>
         <object_component_ref idref="oc-48c"/>
      </symbol>
      <symbol id="sm-920">
         <name>USBRingBufContigUsed</name>
         <value>0x2d91</value>
         <object_component_ref idref="oc-582"/>
      </symbol>
      <symbol id="sm-921">
         <name>USBRingBufFlush</name>
         <value>0x2c99</value>
         <object_component_ref idref="oc-463"/>
      </symbol>
      <symbol id="sm-922">
         <name>USBRingBufAdvanceWrite</name>
         <value>0x23df</value>
         <object_component_ref idref="oc-482"/>
      </symbol>
      <symbol id="sm-923">
         <name>USBRingBufWriteOne</name>
         <value>0x2d1d</value>
         <object_component_ref idref="oc-58b"/>
      </symbol>
      <symbol id="sm-924">
         <name>USBRingBufUsed</name>
         <value>0x2c47</value>
         <object_component_ref idref="oc-46b"/>
      </symbol>
      <symbol id="sm-925">
         <name>USBRingBufFree</name>
         <value>0x2d0b</value>
         <object_component_ref idref="oc-487"/>
      </symbol>
      <symbol id="sm-926">
         <name>USBRingBufAdvanceRead</name>
         <value>0x2a2d</value>
         <object_component_ref idref="oc-471"/>
      </symbol>
      <symbol id="sm-927">
         <name>USBRingBufReadOne</name>
         <value>0x2b27</value>
         <object_component_ref idref="oc-5d7"/>
      </symbol>
      <symbol id="sm-928">
         <name>USBRingBufInit</name>
         <value>0x2def</value>
         <object_component_ref idref="oc-1c5"/>
      </symbol>
      <symbol id="sm-929">
         <name>USBRingBufRead</name>
         <value>0x2b0d</value>
         <object_component_ref idref="oc-569"/>
      </symbol>
      <symbol id="sm-92a">
         <name>USBRingBufContigFree</name>
         <value>0x2abd</value>
         <object_component_ref idref="oc-47c"/>
      </symbol>
      <symbol id="sm-a20">
         <name>USBEndpointDataAvail</name>
         <value>0x2aa1</value>
         <object_component_ref idref="oc-324"/>
      </symbol>
      <symbol id="sm-a21">
         <name>USBDevDisconnect</name>
         <value>0x2e05</value>
         <object_component_ref idref="oc-cc"/>
      </symbol>
      <symbol id="sm-a22">
         <name>USBDevEndpointStallClear</name>
         <value>0x1e41</value>
         <object_component_ref idref="oc-363"/>
      </symbol>
      <symbol id="sm-a23">
         <name>USBEndpointDataPut</name>
         <value>0x2605</value>
         <object_component_ref idref="oc-1a6"/>
      </symbol>
      <symbol id="sm-a24">
         <name>USBDevAddrSet</name>
         <value>0x2e5b</value>
         <object_component_ref idref="oc-11c"/>
      </symbol>
      <symbol id="sm-a25">
         <name>USBIntStatusControl</name>
         <value>0x2371</value>
         <object_component_ref idref="oc-73"/>
      </symbol>
      <symbol id="sm-a26">
         <name>USBEndpointDMADisable</name>
         <value>0x28bd</value>
         <object_component_ref idref="oc-51e"/>
      </symbol>
      <symbol id="sm-a27">
         <name>USBDevEndpointDataAck</name>
         <value>0x2899</value>
         <object_component_ref idref="oc-126"/>
      </symbol>
      <symbol id="sm-a28">
         <name>USBOTGMode</name>
         <value>0x2e29</value>
         <object_component_ref idref="oc-2cb"/>
      </symbol>
      <symbol id="sm-a29">
         <name>USBDevMode</name>
         <value>0x2e19</value>
         <object_component_ref idref="oc-2d0"/>
      </symbol>
      <symbol id="sm-a2a">
         <name>USBIntEnableEndpoint</name>
         <value>0x2c85</value>
         <object_component_ref idref="oc-2df"/>
      </symbol>
      <symbol id="sm-a2b">
         <name>USBEndpointDataGet</name>
         <value>0x2175</value>
         <object_component_ref idref="oc-121"/>
      </symbol>
      <symbol id="sm-a2c">
         <name>USBDevEndpointStatusClear</name>
         <value>0x1b31</value>
         <object_component_ref idref="oc-117"/>
      </symbol>
      <symbol id="sm-a2d">
         <name>USBFIFOAddrGet</name>
         <value>0x2e21</value>
         <object_component_ref idref="oc-54c"/>
      </symbol>
      <symbol id="sm-a2e">
         <name>USBFIFOConfigSet</name>
         <value>0x22ff</value>
         <object_component_ref idref="oc-4b7"/>
      </symbol>
      <symbol id="sm-a2f">
         <name>USBEndpointDMAEnable</name>
         <value>0x28e1</value>
         <object_component_ref idref="oc-534"/>
      </symbol>
      <symbol id="sm-a30">
         <name>USBEndpointDataSend</name>
         <value>0x2663</value>
         <object_component_ref idref="oc-1ab"/>
      </symbol>
      <symbol id="sm-a31">
         <name>USBIntStatusEndpoint</name>
         <value>0x2e0f</value>
         <object_component_ref idref="oc-c2"/>
      </symbol>
      <symbol id="sm-a32">
         <name>USBEndpointStatus</name>
         <value>0x2d81</value>
         <object_component_ref idref="oc-112"/>
      </symbol>
      <symbol id="sm-a33">
         <name>USBEndpointPacketCountSet</name>
         <value>0x2de3</value>
         <object_component_ref idref="oc-556"/>
      </symbol>
      <symbol id="sm-a34">
         <name>USBEndpointDMAConfigSet</name>
         <value>0x1fc1</value>
         <object_component_ref idref="oc-55b"/>
      </symbol>
      <symbol id="sm-a35">
         <name>USBDevEndpointStall</name>
         <value>0x2513</value>
         <object_component_ref idref="oc-236"/>
      </symbol>
      <symbol id="sm-a36">
         <name>USBDevConnect</name>
         <value>0x2dfb</value>
         <object_component_ref idref="oc-2e4"/>
      </symbol>
      <symbol id="sm-a37">
         <name>USBDevEndpointConfigSet</name>
         <value>0x14a7</value>
         <object_component_ref idref="oc-4ad"/>
      </symbol>
      <symbol id="sm-a38">
         <name>USBHostResume</name>
         <value>0x2c71</value>
         <object_component_ref idref="oc-107"/>
      </symbol>
      <symbol id="sm-a39">
         <name>USBIntEnableControl</name>
         <value>0x2791</value>
         <object_component_ref idref="oc-2da"/>
      </symbol>
      <symbol id="sm-a3a">
         <name>USBEndpointDMAChannel</name>
         <value>0x2af3</value>
         <object_component_ref idref="oc-514"/>
      </symbol>
      <symbol id="sm-a7f">
         <name>uDMAChannelControlSet</name>
         <value>0x2905</value>
         <object_component_ref idref="oc-50e"/>
      </symbol>
      <symbol id="sm-a80">
         <name>uDMAChannelDisable</name>
         <value>0x2bd5</value>
         <object_component_ref idref="oc-524"/>
      </symbol>
      <symbol id="sm-a81">
         <name>uDMAChannelModeGet</name>
         <value>0x27e1</value>
         <object_component_ref idref="oc-544"/>
      </symbol>
      <symbol id="sm-a82">
         <name>uDMAChannelTransferSet</name>
         <value>0x1339</value>
         <object_component_ref idref="oc-551"/>
      </symbol>
      <symbol id="sm-a83">
         <name>uDMAChannelAttributeDisable</name>
         <value>0x20a1</value>
         <object_component_ref idref="oc-519"/>
      </symbol>
      <symbol id="sm-a84">
         <name>uDMAChannelEnable</name>
         <value>0x2bed</value>
         <object_component_ref idref="oc-539"/>
      </symbol>
      <symbol id="sm-a90">
         <name>UARTClockSourceSet</name>
         <value>0x2e37</value>
         <object_component_ref idref="oc-15a"/>
      </symbol>
      <symbol id="sm-ab2">
         <name>SysCtlPeripheralEnable</name>
         <value>0x2449</value>
         <object_component_ref idref="oc-2c1"/>
      </symbol>
      <symbol id="sm-ab3">
         <name>SysCtlUSBPLLEnable</name>
         <value>0x2d61</value>
         <object_component_ref idref="oc-2c6"/>
      </symbol>
      <symbol id="sm-ab4">
         <name>SysCtlPeripheralReset</name>
         <value>0x1d51</value>
         <object_component_ref idref="oc-2bc"/>
      </symbol>
      <symbol id="sm-b0b">
         <name>IntIsEnabled</name>
         <value>0x1881</value>
         <object_component_ref idref="oc-52a"/>
      </symbol>
      <symbol id="sm-b0c">
         <name>IntEnable</name>
         <value>0x17b5</value>
         <object_component_ref idref="oc-2e9"/>
      </symbol>
      <symbol id="sm-b0d">
         <name>IntDisable</name>
         <value>0x174d</value>
         <object_component_ref idref="oc-52f"/>
      </symbol>
      <symbol id="sm-b0e">
         <name>IntMasterDisable</name>
         <value>0x2d41</value>
         <object_component_ref idref="oc-570"/>
      </symbol>
      <symbol id="sm-b0f">
         <name>IntMasterEnable</name>
         <value>0x2d51</value>
         <object_component_ref idref="oc-575"/>
      </symbol>
      <symbol id="sm-b26">
         <name>CPUcpsie</name>
         <value>0x2dd7</value>
         <object_component_ref idref="oc-5e3"/>
      </symbol>
      <symbol id="sm-b27">
         <name>CPUcpsid</name>
         <value>0x2dcb</value>
         <object_component_ref idref="oc-5dd"/>
      </symbol>
      <symbol id="sm-b28">
         <name>CPUwfi</name>
         <value>0x2e4f</value>
         <object_component_ref idref="oc-eb"/>
      </symbol>
      <symbol id="sm-b29">
         <name>__TI_static_base__</name>
         <value>0x0</value>
      </symbol>
      <symbol id="sm-b2a">
         <name>__TI_args_main</name>
         <value>0x1</value>
      </symbol>
      <symbol id="sm-b2b">
         <name>SHT$$INIT_ARRAY$$Limit</name>
         <value>0x0</value>
      </symbol>
      <symbol id="sm-b2c">
         <name>SHT$$INIT_ARRAY$$Base</name>
         <value>0x0</value>
      </symbol>
      <symbol id="sm-b30">
         <name>SysCtlSleep</name>
         <value>0x2e4f</value>
      </symbol>
   </symbol_table>
   <title>Link successful</title>
</link_info>
